[14:30:16] T32024 Api 初始化完成，引擎路径：
[14:30:16] T32024 启动引擎中... 参数：{'enable_mkldnn': True, 'cpu_threads': 4}
[14:30:16] T32024 引擎启动完成
[14:30:16] T32024 _run 进入：path=test_invoice.png
[14:30:16] T32024 图片尺寸：800x600，区域识别=开
[14:30:16] T32024 已存在区域文件，直接复用 2 个区域：['发票号码', '增值税额']
[14:30:16] T32024 使用 2 个区域：['发票号码', '增值税额']
[14:30:16] T32024 _run 进入：path=test_invoice.png
[14:30:16] T32024 图片尺寸：800x600，区域识别=开
[14:30:16] T32024 已存在区域文件，直接复用 2 个区域：['发票号码', '增值税额']
[14:30:16] T32024 使用 2 个区域：['发票号码', '增值税额']
[14:30:16] T32024 Api 初始化完成，引擎路径：
[14:30:16] T32024 启动引擎中... 参数：{'enable_mkldnn': True, 'cpu_threads': 4}
[14:30:16] T32024 引擎启动完成
[14:30:16] T32024 _run 进入：path=test_invoice.png
[14:30:16] T32024 图片尺寸：800x600，区域识别=开
[14:30:16] T32024 已存在区域文件，直接复用 2 个区域：['发票号码', '增值税额']
[14:30:16] T32024 使用 2 个区域：['发票号码', '增值税额']
[14:30:16] T32024 Api 初始化完成，引擎路径：
[14:30:16] T32024 启动引擎中... 参数：{'enable_mkldnn': True, 'cpu_threads': 4}
[14:30:16] T32024 引擎启动完成
[14:30:16] T32024 _run 进入：path=test_invoice.png
[14:30:16] T32024 图片尺寸：800x600，区域识别=关
[14:30:16] T32024 Api 初始化完成，引擎路径：
[14:30:16] T32024 启动引擎中... 参数：{'enable_mkldnn': True, 'cpu_threads': 4}
[14:30:16] T32024 引擎启动完成
[14:30:16] T32024 _run 进入：path=(bytes/base64)
[14:30:16] T32024 图片尺寸：800x600，区域识别=开
[14:30:16] T32024 已存在区域文件，直接复用 1 个区域：['发票号码']
[14:30:16] T32024 使用 1 个区域：['发票号码']
[14:30:16] T32024 Api 初始化完成，引擎路径：
[14:30:16] T32024 启动引擎中... 参数：{'enable_mkldnn': True, 'cpu_threads': 4}
[14:30:16] T32024 引擎启动完成
[14:30:16] T32024 _run 进入：path=test_invoice.png
[14:30:16] T32024 图片尺寸：800x600，区域识别=开
[14:30:16] T32024 重新框选区域：本次运行仅弹窗一次
[14:30:16] T32024 准备弹出框选窗口...
[14:30:16] T32024 框选窗口返回：1 个区域
[14:30:16] T32024 区域已保存到 D:\workspace\roi_tests\_tmp\regions_reselect.json
[14:30:16] T32024 使用 1 个区域：['新区域']
[14:30:16] T32024 _run 进入：path=test_invoice.png
[14:30:16] T32024 图片尺寸：800x600，区域识别=开
[14:30:16] T32024 已存在区域文件，直接复用 1 个区域：['新区域']
[14:30:16] T32024 使用 1 个区域：['新区域']
[14:30:16] T32024 _run 进入：path=test_invoice.png
[14:30:16] T32024 图片尺寸：800x600，区域识别=开
[14:30:16] T32024 已存在区域文件，直接复用 1 个区域：['新区域']
[14:30:16] T32024 使用 1 个区域：['新区域']
[14:30:16] T32024 启动引擎中... 参数：{'enable_mkldnn': True, 'cpu_threads': 4, 'config_path': 'models/config_en.txt'}
[14:30:16] T32024 引擎启动完成
[14:30:16] T32024 _run 进入：path=test_invoice.png
[14:30:16] T32024 图片尺寸：800x600，区域识别=开
[14:30:16] T32024 重新框选区域：本次运行仅弹窗一次
[14:30:16] T32024 准备弹出框选窗口...
[14:30:16] T32024 框选窗口返回：1 个区域
[14:30:16] T32024 区域已保存到 D:\workspace\roi_tests\_tmp\regions_reselect.json
[14:30:16] T32024 使用 1 个区域：['新区域']
[14:30:16] T32024 Api 初始化完成，引擎路径：
[14:30:16] T32024 启动引擎中... 参数：{'enable_mkldnn': True, 'cpu_threads': 4}
[14:30:16] T32024 引擎启动完成
[14:30:16] T32024 _run 进入：path=test_invoice.png
[14:30:16] T32024 图片尺寸：800x600，区域识别=开
[14:30:16] T32024 区域文件不存在，准备弹窗
[14:30:16] T32024 准备弹出框选窗口...
[14:30:16] T32024 框选窗口返回：用户取消
[14:30:16] T32024 用户取消框选，本次识别停止区域提取
[14:30:16] T32024 _run 进入：path=test_invoice.png
[14:30:16] T32024 图片尺寸：800x600，区域识别=开
[14:30:16] T32024 用户已取消框选，冷却期内不弹窗、不提取
[14:30:16] T32024 _run 进入：path=test_invoice.png
[14:30:16] T32024 图片尺寸：800x600，区域识别=开
[14:30:16] T32024 取消冷却结束，允许再次框选
[14:30:16] T32024 区域文件不存在，准备弹窗
[14:30:16] T32024 准备弹出框选窗口...
[14:30:16] T32024 框选窗口返回：用户取消
[14:30:16] T32024 用户取消框选，本次识别停止区域提取
[14:32:52] T2444 Api 初始化完成，引擎路径：
[14:32:52] T2444 启动引擎中... 参数：{'enable_mkldnn': True, 'cpu_threads': 4}
[14:32:52] T2444 引擎启动完成
[14:32:52] T2444 _run 进入：path=test_invoice.png
[14:32:52] T2444 图片尺寸：800x600，区域识别=开
[14:32:52] T2444 使用预设「发票A」：2 个区域 ['发票号码', '增值税额']
[14:32:52] T2444 使用 2 个区域：['发票号码', '增值税额']
[14:32:52] T2444 Api 初始化完成，引擎路径：
[14:32:52] T2444 启动引擎中... 参数：{'enable_mkldnn': True, 'cpu_threads': 4}
[14:32:52] T2444 引擎启动完成
[14:32:52] T2444 _run 进入：path=test_invoice.png
[14:32:52] T2444 图片尺寸：800x600，区域识别=开
[14:32:52] T2444 未找到区域预设：不存在的id，回退到区域文件
[14:32:52] T2444 已存在区域文件，直接复用 2 个区域：['发票号码', '增值税额']
[14:32:52] T2444 使用 2 个区域：['发票号码', '增值税额']
[14:32:52] T2444 Api 初始化完成，引擎路径：
[14:32:52] T2444 启动引擎中... 参数：{'enable_mkldnn': True, 'cpu_threads': 4}
[14:32:52] T2444 引擎启动完成
[14:32:52] T2444 _run 进入：path=test_invoice.png
[14:32:52] T2444 图片尺寸：800x600，区域识别=开
[14:32:52] T2444 未找到区域预设：也不存在，回退到区域文件
[14:32:52] T2444 区域文件不存在，准备弹窗
[14:32:52] T2444 准备弹出框选窗口...
[14:32:52] T2444 框选窗口返回：2 个区域
[14:32:52] T2444 区域已保存到 D:\workspace\roi_tests\_tmp_preset\regions_fb2.json
[14:32:52] T2444 使用 2 个区域：['发票号码', '增值税额']
[14:32:52] T2444 Api 初始化完成，引擎路径：
[14:32:52] T2444 启动引擎中... 参数：{'enable_mkldnn': True, 'cpu_threads': 4}
[14:32:52] T2444 引擎启动完成
[14:32:52] T2444 _run 进入：path=test_invoice.png
[14:32:52] T2444 图片尺寸：800x600，区域识别=开
[14:32:52] T2444 重新框选区域：本次运行仅弹窗一次
[14:32:52] T2444 准备弹出框选窗口...
[14:32:52] T2444 框选窗口返回：1 个区域
[14:32:52] T2444 区域已保存到 D:\workspace\roi_tests\_tmp_preset\regions_rs.json
[14:32:52] T2444 使用 1 个区域：['新区域']
[14:32:52] T2444 _run 进入：path=test_invoice.png
[14:32:52] T2444 图片尺寸：800x600，区域识别=开
[14:32:52] T2444 已存在区域文件，直接复用 1 个区域：['新区域']
[14:32:52] T2444 使用 1 个区域：['新区域']
[14:32:52] T2444 Api 初始化完成，引擎路径：
[14:32:52] T2444 启动引擎中... 参数：{'enable_mkldnn': True, 'cpu_threads': 4}
[14:32:52] T2444 引擎启动完成
[14:32:52] T2444 _run 进入：path=test_invoice.png
[14:32:52] T2444 图片尺寸：800x600，区域识别=开
[14:32:52] T2444 重新框选区域：本次运行仅弹窗一次
[14:32:52] T2444 准备弹出框选窗口...
[14:32:52] T2444 框选窗口返回：2 个区域
[14:32:52] T2444 区域已保存到 D:\workspace\roi_tests\_tmp_preset\regions_arg.json
[14:32:52] T2444 使用 2 个区域：['发票号码', '增值税额']
[14:32:52] T2444 保存预设：银行回单（2 个区域，覆盖=False）
[14:32:52] T2444 保存预设：银行回单（1 个区域，覆盖=True）
[14:32:52] T2444 更新预设：银行回单（2 个区域）
[14:32:52] T2444 删除预设：银行回单
[14:32:52] T2444 Api 初始化完成，引擎路径：
[14:32:52] T2444 启动引擎中... 参数：{'enable_mkldnn': True, 'cpu_threads': 4}
[14:32:52] T2444 引擎启动完成
[14:32:52] T2444 保存预设：增值税发票（2 个区域，覆盖=False）
[14:32:52] T2444 _run 进入：path=test_invoice.png
[14:32:52] T2444 图片尺寸：800x600，区域识别=开
[14:32:52] T2444 重新框选区域：本次运行仅弹窗一次
[14:32:52] T2444 准备弹出框选窗口...
[14:32:52] T2444 框选窗口返回：2 个区域
[14:32:52] T2444 区域已保存到 D:\workspace\roi_tests\_tmp_preset\regions_e2e.json
[14:32:52] T2444 使用 2 个区域：['发票号码', '增值税额']
[14:32:52] T2444 Api 初始化完成，引擎路径：
[14:32:52] T2444 启动引擎中... 参数：{'enable_mkldnn': True, 'cpu_threads': 4}
[14:32:52] T2444 引擎启动完成
[14:32:52] T2444 _run 进入：path=test_invoice.png
[14:32:52] T2444 图片尺寸：800x600，区域识别=开
[14:32:52] T2444 使用预设「增值税发票」：2 个区域 ['发票号码', '增值税额']
[14:32:52] T2444 使用 2 个区域：['发票号码', '增值税额']
[14:32:55] T6028 Api 初始化完成，引擎路径：
[14:32:55] T6028 启动引擎中... 参数：{'enable_mkldnn': True, 'cpu_threads': 4}
[14:32:55] T6028 引擎启动完成
[14:32:55] T6028 _run 进入：path=test_invoice.png
[14:32:55] T6028 图片尺寸：800x600，区域识别=开
[14:32:55] T6028 已存在区域文件，直接复用 2 个区域：['发票号码', '增值税额']
[14:32:55] T6028 使用 2 个区域：['发票号码', '增值税额']
[14:32:55] T6028 _run 进入：path=test_invoice.png
[14:32:55] T6028 图片尺寸：800x600，区域识别=开
[14:32:55] T6028 已存在区域文件，直接复用 2 个区域：['发票号码', '增值税额']
[14:32:55] T6028 使用 2 个区域：['发票号码', '增值税额']
[14:32:55] T6028 Api 初始化完成，引擎路径：
[14:32:55] T6028 启动引擎中... 参数：{'enable_mkldnn': True, 'cpu_threads': 4}
[14:32:55] T6028 引擎启动完成
[14:32:55] T6028 _run 进入：path=test_invoice.png
[14:32:55] T6028 图片尺寸：800x600，区域识别=开
[14:32:55] T6028 已存在区域文件，直接复用 2 个区域：['发票号码', '增值税额']
[14:32:55] T6028 使用 2 个区域：['发票号码', '增值税额']
[14:32:55] T6028 Api 初始化完成，引擎路径：
[14:32:55] T6028 启动引擎中... 参数：{'enable_mkldnn': True, 'cpu_threads': 4}
[14:32:55] T6028 引擎启动完成
[14:32:55] T6028 _run 进入：path=test_invoice.png
[14:32:55] T6028 图片尺寸：800x600，区域识别=关
[14:32:55] T6028 Api 初始化完成，引擎路径：
[14:32:55] T6028 启动引擎中... 参数：{'enable_mkldnn': True, 'cpu_threads': 4}
[14:32:55] T6028 引擎启动完成
[14:32:55] T6028 _run 进入：path=(bytes/base64)
[14:32:55] T6028 图片尺寸：800x600，区域识别=开
[14:32:55] T6028 已存在区域文件，直接复用 1 个区域：['发票号码']
[14:32:55] T6028 使用 1 个区域：['发票号码']
[14:32:55] T6028 Api 初始化完成，引擎路径：
[14:32:55] T6028 启动引擎中... 参数：{'enable_mkldnn': True, 'cpu_threads': 4}
[14:32:55] T6028 引擎启动完成
[14:32:55] T6028 _run 进入：path=test_invoice.png
[14:32:55] T6028 图片尺寸：800x600，区域识别=开
[14:32:55] T6028 重新框选区域：本次运行仅弹窗一次
[14:32:55] T6028 准备弹出框选窗口...
[14:32:55] T6028 框选窗口返回：1 个区域
[14:32:55] T6028 区域已保存到 D:\workspace\roi_tests\_tmp\regions_reselect.json
[14:32:55] T6028 使用 1 个区域：['新区域']
[14:32:55] T6028 _run 进入：path=test_invoice.png
[14:32:55] T6028 图片尺寸：800x600，区域识别=开
[14:32:55] T6028 已存在区域文件，直接复用 1 个区域：['新区域']
[14:32:55] T6028 使用 1 个区域：['新区域']
[14:32:55] T6028 _run 进入：path=test_invoice.png
[14:32:55] T6028 图片尺寸：800x600，区域识别=开
[14:32:55] T6028 已存在区域文件，直接复用 1 个区域：['新区域']
[14:32:55] T6028 使用 1 个区域：['新区域']
[14:32:55] T6028 启动引擎中... 参数：{'enable_mkldnn': True, 'cpu_threads': 4, 'config_path': 'models/config_en.txt'}
[14:32:55] T6028 引擎启动完成
[14:32:55] T6028 _run 进入：path=test_invoice.png
[14:32:55] T6028 图片尺寸：800x600，区域识别=开
[14:32:55] T6028 重新框选区域：本次运行仅弹窗一次
[14:32:55] T6028 准备弹出框选窗口...
[14:32:55] T6028 框选窗口返回：1 个区域
[14:32:55] T6028 区域已保存到 D:\workspace\roi_tests\_tmp\regions_reselect.json
[14:32:55] T6028 使用 1 个区域：['新区域']
[14:32:55] T6028 Api 初始化完成，引擎路径：
[14:32:55] T6028 启动引擎中... 参数：{'enable_mkldnn': True, 'cpu_threads': 4}
[14:32:55] T6028 引擎启动完成
[14:32:55] T6028 _run 进入：path=test_invoice.png
[14:32:55] T6028 图片尺寸：800x600，区域识别=开
[14:32:55] T6028 区域文件不存在，准备弹窗
[14:32:55] T6028 准备弹出框选窗口...
[14:32:55] T6028 框选窗口返回：用户取消
[14:32:55] T6028 用户取消框选，本次识别停止区域提取
[14:32:55] T6028 _run 进入：path=test_invoice.png
[14:32:55] T6028 图片尺寸：800x600，区域识别=开
[14:32:55] T6028 用户已取消框选，冷却期内不弹窗、不提取
[14:32:55] T6028 _run 进入：path=test_invoice.png
[14:32:55] T6028 图片尺寸：800x600，区域识别=开
[14:32:55] T6028 取消冷却结束，允许再次框选
[14:32:55] T6028 区域文件不存在，准备弹窗
[14:32:55] T6028 准备弹出框选窗口...
[14:32:55] T6028 框选窗口返回：用户取消
[14:32:55] T6028 用户取消框选，本次识别停止区域提取
[14:33:51] T28636 Api 初始化完成，引擎路径：
[14:33:51] T28636 启动引擎中... 参数：{'enable_mkldnn': True, 'cpu_threads': 4}
[14:33:51] T28636 引擎启动完成
[14:33:51] T28636 _run 进入：path=test_invoice.png
[14:33:51] T28636 图片尺寸：800x600，区域识别=开
[14:33:51] T28636 使用预设「增值税发票」：2 个区域 ['发票号码', '增值税额']
[14:33:51] T28636 使用 2 个区域：['发票号码', '增值税额']
[14:35:07] T16988 保存预设：银行回单（1 个区域，覆盖=False）
[14:35:07] T16988 删除预设：银行回单
[14:35:07] T16988 QML 取消框选
[14:35:13] T9128 更新预设：增值税发票（1 个区域）
[14:35:13] T9128 保存预设：银行回单（1 个区域，覆盖=False）
[14:35:13] T9128 删除预设：银行回单
[14:35:13] T9128 QML 取消框选
[14:35:32] T26756 更新预设：增值税发票（1 个区域）
[14:35:32] T26756 保存预设：银行回单（1 个区域，覆盖=False）
[14:35:32] T26756 删除预设：银行回单
[14:35:32] T26756 QML 取消框选
[14:35:39] T18160 更新预设：增值税发票（1 个区域）
[14:35:39] T18160 保存预设：银行回单（1 个区域，覆盖=False）
[14:35:39] T18160 删除预设：银行回单
[14:35:39] T18160 QML 取消框选
[14:35:43] T31748 Api 初始化完成，引擎路径：
[14:35:43] T31748 启动引擎中... 参数：{'enable_mkldnn': True, 'cpu_threads': 4}
[14:35:43] T31748 引擎启动完成
[14:35:43] T31748 _run 进入：path=test_invoice.png
[14:35:43] T31748 图片尺寸：800x600，区域识别=开
[14:35:43] T31748 已存在区域文件，直接复用 2 个区域：['发票号码', '增值税额']
[14:35:43] T31748 使用 2 个区域：['发票号码', '增值税额']
[14:35:43] T31748 _run 进入：path=test_invoice.png
[14:35:43] T31748 图片尺寸：800x600，区域识别=开
[14:35:43] T31748 已存在区域文件，直接复用 2 个区域：['发票号码', '增值税额']
[14:35:43] T31748 使用 2 个区域：['发票号码', '增值税额']
[14:35:43] T31748 Api 初始化完成，引擎路径：
[14:35:43] T31748 启动引擎中... 参数：{'enable_mkldnn': True, 'cpu_threads': 4}
[14:35:43] T31748 引擎启动完成
[14:35:43] T31748 _run 进入：path=test_invoice.png
[14:35:43] T31748 图片尺寸：800x600，区域识别=开
[14:35:43] T31748 已存在区域文件，直接复用 2 个区域：['发票号码', '增值税额']
[14:35:43] T31748 使用 2 个区域：['发票号码', '增值税额']
[14:35:43] T31748 Api 初始化完成，引擎路径：
[14:35:43] T31748 启动引擎中... 参数：{'enable_mkldnn': True, 'cpu_threads': 4}
[14:35:43] T31748 引擎启动完成
[14:35:43] T31748 _run 进入：path=test_invoice.png
[14:35:43] T31748 图片尺寸：800x600，区域识别=关
[14:35:43] T31748 Api 初始化完成，引擎路径：
[14:35:43] T31748 启动引擎中... 参数：{'enable_mkldnn': True, 'cpu_threads': 4}
[14:35:43] T31748 引擎启动完成
[14:35:43] T31748 _run 进入：path=(bytes/base64)
[14:35:43] T31748 图片尺寸：800x600，区域识别=开
[14:35:43] T31748 已存在区域文件，直接复用 1 个区域：['发票号码']
[14:35:43] T31748 使用 1 个区域：['发票号码']
[14:35:43] T31748 Api 初始化完成，引擎路径：
[14:35:43] T31748 启动引擎中... 参数：{'enable_mkldnn': True, 'cpu_threads': 4}
[14:35:43] T31748 引擎启动完成
[14:35:43] T31748 _run 进入：path=test_invoice.png
[14:35:43] T31748 图片尺寸：800x600，区域识别=开
[14:35:43] T31748 重新框选区域：本次运行仅弹窗一次
[14:35:43] T31748 准备弹出框选窗口...
[14:35:43] T31748 框选窗口返回：1 个区域
[14:35:43] T31748 区域已保存到 D:\workspace\roi_tests\_tmp\regions_reselect.json
[14:35:43] T31748 使用 1 个区域：['新区域']
[14:35:43] T31748 _run 进入：path=test_invoice.png
[14:35:43] T31748 图片尺寸：800x600，区域识别=开
[14:35:43] T31748 已存在区域文件，直接复用 1 个区域：['新区域']
[14:35:43] T31748 使用 1 个区域：['新区域']
[14:35:43] T31748 _run 进入：path=test_invoice.png
[14:35:43] T31748 图片尺寸：800x600，区域识别=开
[14:35:43] T31748 已存在区域文件，直接复用 1 个区域：['新区域']
[14:35:43] T31748 使用 1 个区域：['新区域']
[14:35:43] T31748 启动引擎中... 参数：{'enable_mkldnn': True, 'cpu_threads': 4, 'config_path': 'models/config_en.txt'}
[14:35:43] T31748 引擎启动完成
[14:35:43] T31748 _run 进入：path=test_invoice.png
[14:35:43] T31748 图片尺寸：800x600，区域识别=开
[14:35:43] T31748 重新框选区域：本次运行仅弹窗一次
[14:35:43] T31748 准备弹出框选窗口...
[14:35:43] T31748 框选窗口返回：1 个区域
[14:35:43] T31748 区域已保存到 D:\workspace\roi_tests\_tmp\regions_reselect.json
[14:35:43] T31748 使用 1 个区域：['新区域']
[14:35:43] T31748 Api 初始化完成，引擎路径：
[14:35:43] T31748 启动引擎中... 参数：{'enable_mkldnn': True, 'cpu_threads': 4}
[14:35:43] T31748 引擎启动完成
[14:35:43] T31748 _run 进入：path=test_invoice.png
[14:35:43] T31748 图片尺寸：800x600，区域识别=开
[14:35:43] T31748 区域文件不存在，准备弹窗
[14:35:43] T31748 准备弹出框选窗口...
[14:35:43] T31748 框选窗口返回：用户取消
[14:35:43] T31748 用户取消框选，本次识别停止区域提取
[14:35:43] T31748 _run 进入：path=test_invoice.png
[14:35:43] T31748 图片尺寸：800x600，区域识别=开
[14:35:43] T31748 用户已取消框选，冷却期内不弹窗、不提取
[14:35:43] T31748 _run 进入：path=test_invoice.png
[14:35:43] T31748 图片尺寸：800x600，区域识别=开
[14:35:43] T31748 取消冷却结束，允许再次框选
[14:35:43] T31748 区域文件不存在，准备弹窗
[14:35:43] T31748 准备弹出框选窗口...
[14:35:43] T31748 框选窗口返回：用户取消
[14:35:43] T31748 用户取消框选，本次识别停止区域提取
[14:35:44] T31512 Api 初始化完成，引擎路径：
[14:35:44] T31512 启动引擎中... 参数：{'enable_mkldnn': True, 'cpu_threads': 4}
[14:35:44] T31512 引擎启动完成
[14:35:44] T31512 _run 进入：path=test_invoice.png
[14:35:44] T31512 图片尺寸：800x600，区域识别=开
[14:35:44] T31512 使用预设「发票A」：2 个区域 ['发票号码', '增值税额']
[14:35:44] T31512 使用 2 个区域：['发票号码', '增值税额']
[14:35:44] T31512 Api 初始化完成，引擎路径：
[14:35:44] T31512 启动引擎中... 参数：{'enable_mkldnn': True, 'cpu_threads': 4}
[14:35:44] T31512 引擎启动完成
[14:35:44] T31512 _run 进入：path=test_invoice.png
[14:35:44] T31512 图片尺寸：800x600，区域识别=开
[14:35:44] T31512 未找到区域预设：不存在的id，回退到区域文件
[14:35:44] T31512 已存在区域文件，直接复用 2 个区域：['发票号码', '增值税额']
[14:35:44] T31512 使用 2 个区域：['发票号码', '增值税额']
[14:35:44] T31512 Api 初始化完成，引擎路径：
[14:35:44] T31512 启动引擎中... 参数：{'enable_mkldnn': True, 'cpu_threads': 4}
[14:35:44] T31512 引擎启动完成
[14:35:44] T31512 _run 进入：path=test_invoice.png
[14:35:44] T31512 图片尺寸：800x600，区域识别=开
[14:35:44] T31512 未找到区域预设：也不存在，回退到区域文件
[14:35:44] T31512 区域文件不存在，准备弹窗
[14:35:44] T31512 准备弹出框选窗口...
[14:35:44] T31512 框选窗口返回：2 个区域
[14:35:44] T31512 区域已保存到 D:\workspace\roi_tests\_tmp_preset\regions_fb2.json
[14:35:44] T31512 使用 2 个区域：['发票号码', '增值税额']
[14:35:44] T31512 Api 初始化完成，引擎路径：
[14:35:44] T31512 启动引擎中... 参数：{'enable_mkldnn': True, 'cpu_threads': 4}
[14:35:44] T31512 引擎启动完成
[14:35:44] T31512 _run 进入：path=test_invoice.png
[14:35:44] T31512 图片尺寸：800x600，区域识别=开
[14:35:44] T31512 重新框选区域：本次运行仅弹窗一次
[14:35:44] T31512 准备弹出框选窗口...
[14:35:44] T31512 框选窗口返回：1 个区域
[14:35:44] T31512 区域已保存到 D:\workspace\roi_tests\_tmp_preset\regions_rs.json
[14:35:44] T31512 使用 1 个区域：['新区域']
[14:35:44] T31512 _run 进入：path=test_invoice.png
[14:35:44] T31512 图片尺寸：800x600，区域识别=开
[14:35:44] T31512 已存在区域文件，直接复用 1 个区域：['新区域']
[14:35:44] T31512 使用 1 个区域：['新区域']
[14:35:44] T31512 Api 初始化完成，引擎路径：
[14:35:44] T31512 启动引擎中... 参数：{'enable_mkldnn': True, 'cpu_threads': 4}
[14:35:44] T31512 引擎启动完成
[14:35:44] T31512 _run 进入：path=test_invoice.png
[14:35:44] T31512 图片尺寸：800x600，区域识别=开
[14:35:44] T31512 重新框选区域：本次运行仅弹窗一次
[14:35:44] T31512 准备弹出框选窗口...
[14:35:44] T31512 框选窗口返回：2 个区域
[14:35:44] T31512 区域已保存到 D:\workspace\roi_tests\_tmp_preset\regions_arg.json
[14:35:44] T31512 使用 2 个区域：['发票号码', '增值税额']
[14:35:44] T31512 保存预设：银行回单（2 个区域，覆盖=False）
[14:35:44] T31512 保存预设：银行回单（1 个区域，覆盖=True）
[14:35:44] T31512 更新预设：银行回单（2 个区域）
[14:35:44] T31512 删除预设：银行回单
[14:35:44] T31512 Api 初始化完成，引擎路径：
[14:35:44] T31512 启动引擎中... 参数：{'enable_mkldnn': True, 'cpu_threads': 4}
[14:35:44] T31512 引擎启动完成
[14:35:44] T31512 保存预设：增值税发票（2 个区域，覆盖=False）
[14:35:44] T31512 _run 进入：path=test_invoice.png
[14:35:44] T31512 图片尺寸：800x600，区域识别=开
[14:35:44] T31512 重新框选区域：本次运行仅弹窗一次
[14:35:44] T31512 准备弹出框选窗口...
[14:35:44] T31512 框选窗口返回：2 个区域
[14:35:44] T31512 区域已保存到 D:\workspace\roi_tests\_tmp_preset\regions_e2e.json
[14:35:44] T31512 使用 2 个区域：['发票号码', '增值税额']
[14:35:44] T31512 Api 初始化完成，引擎路径：
[14:35:44] T31512 启动引擎中... 参数：{'enable_mkldnn': True, 'cpu_threads': 4}
[14:35:44] T31512 引擎启动完成
[14:35:44] T31512 _run 进入：path=test_invoice.png
[14:35:44] T31512 图片尺寸：800x600，区域识别=开
[14:35:44] T31512 使用预设「增值税发票」：2 个区域 ['发票号码', '增值税额']
[14:35:44] T31512 使用 2 个区域：['发票号码', '增值税额']
[14:35:47] T21936 更新预设：增值税发票（1 个区域）
[14:35:47] T21936 保存预设：银行回单（1 个区域，覆盖=False）
[14:35:47] T21936 删除预设：银行回单
[14:35:47] T21936 QML 取消框选
[09:34:09] T1192 Api 初始化完成，引擎路径：D:\umiOcr\Umi-OCR_Paddle_v2.1.5\UmiOCR-data\plugins\roi_PaddleOCR-json\PaddleOCR-json.exe
[14:52:40] T23380 Api 初始化完成，引擎路径：D:\umiOcr\Umi-OCR_Paddle_v2.1.5\UmiOCR-data\plugins\roi_PaddleOCR-json\PaddleOCR-json.exe
[14:52:57] T32112 启动引擎中... 参数：{'enable_mkldnn': True, 'cpu_threads': 8, 'config_path': 'models/config_chinese.txt', 'cls': True, 'limit_side_len': 960}
[14:52:58] T32112 引擎启动完成
[14:52:58] T32112 _run 进入：path=(bytes/base64)
[14:52:58] T32112 图片尺寸：1861x1080，区域识别=开
[14:52:58] T32112 重新框选区域：本次运行仅弹窗一次
[14:52:58] T32112 准备弹出框选窗口...
[14:52:58] T32112 selectRegionsInteractive: 当前线程是否主线程=False
[14:52:58] T32112 已投递弹窗任务到主线程，等待用户框选...
[14:52:58] T23380 主线程：创建 QML 框选窗口
[14:52:58] T23380 QML 窗口已显示
[14:55:53] T23380 保存预设：机票电子客票行程单（8 个区域，覆盖=False）
[14:56:04] T23380 QML 提交区域：8 个
[14:56:04] T23380 关闭窗口异常：Internal C++ object (PySide2.QtQuick.QQuickWindow) already deleted.
[14:56:04] T32112 框选窗口已关闭，继续处理
[14:56:04] T32112 框选窗口返回：8 个区域
[14:56:04] T32112 区域已保存到 D:\umiOcr\Umi-OCR_Paddle_v2.1.5\UmiOCR-data\plugins\roi_PaddleOCR-json\regions.json
[14:56:04] T32112 使用 8 个区域：['电子客票号', '总计金额', '票价', '燃油附加费', '增值税额', '机场建设费', '乘机人', '发票号码']
[14:56:05] T32112 _run 进入：path=(bytes/base64)
[14:56:05] T32112 图片尺寸：1861x1080，区域识别=开
[14:56:05] T32112 已存在区域文件，直接复用 8 个区域：['电子客票号', '总计金额', '票价', '燃油附加费', '增值税额', '机场建设费', '乘机人', '发票号码']
[14:56:05] T32112 使用 8 个区域：['电子客票号', '总计金额', '票价', '燃油附加费', '增值税额', '机场建设费', '乘机人', '发票号码']
[14:56:05] T32112 _run 进入：path=(bytes/base64)
[14:56:05] T32112 图片尺寸：1861x1080，区域识别=开
[14:56:05] T32112 已存在区域文件，直接复用 8 个区域：['电子客票号', '总计金额', '票价', '燃油附加费', '增值税额', '机场建设费', '乘机人', '发票号码']
[14:56:05] T32112 使用 8 个区域：['电子客票号', '总计金额', '票价', '燃油附加费', '增值税额', '机场建设费', '乘机人', '发票号码']
[14:56:05] T32112 _run 进入：path=(bytes/base64)
[14:56:05] T32112 图片尺寸：1861x1080，区域识别=开
[14:56:05] T32112 已存在区域文件，直接复用 8 个区域：['电子客票号', '总计金额', '票价', '燃油附加费', '增值税额', '机场建设费', '乘机人', '发票号码']
[14:56:05] T32112 使用 8 个区域：['电子客票号', '总计金额', '票价', '燃油附加费', '增值税额', '机场建设费', '乘机人', '发票号码']
[14:56:06] T32112 _run 进入：path=(bytes/base64)
[14:56:06] T32112 图片尺寸：1861x1080，区域识别=开
[14:56:06] T32112 已存在区域文件，直接复用 8 个区域：['电子客票号', '总计金额', '票价', '燃油附加费', '增值税额', '机场建设费', '乘机人', '发票号码']
[14:56:06] T32112 使用 8 个区域：['电子客票号', '总计金额', '票价', '燃油附加费', '增值税额', '机场建设费', '乘机人', '发票号码']
[14:56:06] T32112 _run 进入：path=(bytes/base64)
[14:56:06] T32112 图片尺寸：1861x1080，区域识别=开
[14:56:06] T32112 已存在区域文件，直接复用 8 个区域：['电子客票号', '总计金额', '票价', '燃油附加费', '增值税额', '机场建设费', '乘机人', '发票号码']
[14:56:06] T32112 使用 8 个区域：['电子客票号', '总计金额', '票价', '燃油附加费', '增值税额', '机场建设费', '乘机人', '发票号码']
[14:56:06] T32112 _run 进入：path=(bytes/base64)
[14:56:06] T32112 图片尺寸：1861x1080，区域识别=开
[14:56:06] T32112 已存在区域文件，直接复用 8 个区域：['电子客票号', '总计金额', '票价', '燃油附加费', '增值税额', '机场建设费', '乘机人', '发票号码']
[14:56:06] T32112 使用 8 个区域：['电子客票号', '总计金额', '票价', '燃油附加费', '增值税额', '机场建设费', '乘机人', '发票号码']
[16:22:24] T32108 Api 初始化完成，引擎路径：D:\umiOcr\Umi-OCR_Paddle_v2.1.5\UmiOCR-data\plugins\roi_PaddleOCR-json\PaddleOCR-json.exe
[16:22:37] T30660 启动引擎中... 参数：{'enable_mkldnn': True, 'cpu_threads': 8, 'config_path': 'models/config_chinese.txt', 'cls': True, 'limit_side_len': 960}
[16:22:38] T30660 引擎启动完成
[16:22:38] T30660 _run 进入：path=(bytes/base64)
[16:22:38] T30660 图片尺寸：1440x1080，区域识别=开
[16:22:38] T30660 重新框选区域：本次运行仅弹窗一次
[16:22:38] T30660 准备弹出框选窗口...
[16:22:38] T30660 selectRegionsInteractive: 当前线程是否主线程=False
[16:22:38] T30660 已投递弹窗任务到主线程，等待用户框选...
[16:22:38] T32108 主线程：创建 QML 框选窗口
[16:22:38] T32108 QML 窗口已显示
[16:23:46] T32108 保存预设：国外纸质版行程单（2 个区域，覆盖=False）
[16:23:50] T32108 QML 提交区域：2 个
[16:23:50] T32108 关闭窗口异常：Internal C++ object (PySide2.QtQuick.QQuickWindow) already deleted.
[16:23:50] T30660 框选窗口已关闭，继续处理
[16:23:50] T30660 框选窗口返回：2 个区域
[16:23:50] T30660 区域已保存到 D:\umiOcr\Umi-OCR_Paddle_v2.1.5\UmiOCR-data\plugins\roi_PaddleOCR-json\regions.json
[16:23:50] T30660 使用 2 个区域：['电子客票', '金额']
[16:23:50] T30660 _run 进入：path=(bytes/base64)
[16:23:50] T30660 图片尺寸：1440x1080，区域识别=开
[16:23:50] T30660 已存在区域文件，直接复用 2 个区域：['电子客票', '金额']
[16:23:50] T30660 使用 2 个区域：['电子客票', '金额']
[16:23:51] T30660 _run 进入：path=(bytes/base64)
[16:23:51] T30660 图片尺寸：1440x1080，区域识别=开
[16:23:51] T30660 已存在区域文件，直接复用 2 个区域：['电子客票', '金额']
[16:23:51] T30660 使用 2 个区域：['电子客票', '金额']
[16:23:51] T30660 _run 进入：path=(bytes/base64)
[16:23:51] T30660 图片尺寸：1440x1080，区域识别=开
[16:23:51] T30660 已存在区域文件，直接复用 2 个区域：['电子客票', '金额']
[16:23:51] T30660 使用 2 个区域：['电子客票', '金额']
[16:23:51] T30660 _run 进入：path=(bytes/base64)
[16:23:51] T30660 图片尺寸：1440x1080，区域识别=开
[16:23:51] T30660 已存在区域文件，直接复用 2 个区域：['电子客票', '金额']
[16:23:51] T30660 使用 2 个区域：['电子客票', '金额']
[16:23:51] T30660 _run 进入：path=(bytes/base64)
[16:23:51] T30660 图片尺寸：1440x1080，区域识别=开
[16:23:51] T30660 已存在区域文件，直接复用 2 个区域：['电子客票', '金额']
[16:23:51] T30660 使用 2 个区域：['电子客票', '金额']
[16:23:52] T30660 _run 进入：path=(bytes/base64)
[16:23:52] T30660 图片尺寸：1440x1080，区域识别=开
[16:23:52] T30660 已存在区域文件，直接复用 2 个区域：['电子客票', '金额']
[16:23:52] T30660 使用 2 个区域：['电子客票', '金额']
[16:23:52] T30660 _run 进入：path=(bytes/base64)
[16:23:52] T30660 图片尺寸：1440x1080，区域识别=开
[16:23:52] T30660 已存在区域文件，直接复用 2 个区域：['电子客票', '金额']
[16:23:52] T30660 使用 2 个区域：['电子客票', '金额']
[16:23:52] T30660 _run 进入：path=(bytes/base64)
[16:23:52] T30660 图片尺寸：1440x1080，区域识别=开
[16:23:52] T30660 已存在区域文件，直接复用 2 个区域：['电子客票', '金额']
[16:23:52] T30660 使用 2 个区域：['电子客票', '金额']
[16:23:52] T30660 _run 进入：path=(bytes/base64)
[16:23:52] T30660 图片尺寸：1440x1080，区域识别=开
[16:23:52] T30660 已存在区域文件，直接复用 2 个区域：['电子客票', '金额']
[16:23:52] T30660 使用 2 个区域：['电子客票', '金额']
[16:23:53] T30660 _run 进入：path=(bytes/base64)
[16:23:53] T30660 图片尺寸：1440x1080，区域识别=开
[16:23:53] T30660 已存在区域文件，直接复用 2 个区域：['电子客票', '金额']
[16:23:53] T30660 使用 2 个区域：['电子客票', '金额']
[16:40:35] T13928 _run 进入：path=(bytes/base64)
[16:40:35] T13928 图片尺寸：1620x1080，区域识别=开
[16:40:35] T13928 已存在区域文件，直接复用 2 个区域：['电子客票', '金额']
[16:40:35] T13928 使用 2 个区域：['电子客票', '金额']
[16:40:35] T13928 _run 进入：path=(bytes/base64)
[16:40:35] T13928 图片尺寸：1620x1080，区域识别=开
[16:40:35] T13928 已存在区域文件，直接复用 2 个区域：['电子客票', '金额']
[16:40:35] T13928 使用 2 个区域：['电子客票', '金额']
[16:40:36] T13928 _run 进入：path=(bytes/base64)
[16:40:36] T13928 图片尺寸：1620x1080，区域识别=开
[16:40:36] T13928 已存在区域文件，直接复用 2 个区域：['电子客票', '金额']
[16:40:36] T13928 使用 2 个区域：['电子客票', '金额']
[16:40:36] T13928 _run 进入：path=(bytes/base64)
[16:40:36] T13928 图片尺寸：1620x1080，区域识别=开
[16:40:36] T13928 已存在区域文件，直接复用 2 个区域：['电子客票', '金额']
[16:40:36] T13928 使用 2 个区域：['电子客票', '金额']
[16:40:36] T13928 _run 进入：path=(bytes/base64)
[16:40:36] T13928 图片尺寸：1620x1080，区域识别=开
[16:40:36] T13928 已存在区域文件，直接复用 2 个区域：['电子客票', '金额']
[16:40:36] T13928 使用 2 个区域：['电子客票', '金额']
[16:40:36] T13928 _run 进入：path=(bytes/base64)
[16:40:36] T13928 图片尺寸：1620x1080，区域识别=开
[16:40:36] T13928 已存在区域文件，直接复用 2 个区域：['电子客票', '金额']
[16:40:36] T13928 使用 2 个区域：['电子客票', '金额']
[16:40:36] T13928 _run 进入：path=(bytes/base64)
[16:40:36] T13928 图片尺寸：1620x1080，区域识别=开
[16:40:36] T13928 已存在区域文件，直接复用 2 个区域：['电子客票', '金额']
[16:40:36] T13928 使用 2 个区域：['电子客票', '金额']
[16:40:36] T13928 _run 进入：path=(bytes/base64)
[16:40:36] T13928 图片尺寸：1620x1080，区域识别=开
[16:40:36] T13928 已存在区域文件，直接复用 2 个区域：['电子客票', '金额']
[16:40:36] T13928 使用 2 个区域：['电子客票', '金额']
[16:40:36] T13928 _run 进入：path=(bytes/base64)
[16:40:36] T13928 图片尺寸：1620x1080，区域识别=开
[16:40:36] T13928 已存在区域文件，直接复用 2 个区域：['电子客票', '金额']
[16:40:36] T13928 使用 2 个区域：['电子客票', '金额']
[16:40:36] T13928 _run 进入：path=(bytes/base64)
[16:40:36] T13928 图片尺寸：1620x1080，区域识别=开
[16:40:36] T13928 已存在区域文件，直接复用 2 个区域：['电子客票', '金额']
[16:40:36] T13928 使用 2 个区域：['电子客票', '金额']
[16:40:36] T13928 _run 进入：path=(bytes/base64)
[16:40:36] T13928 图片尺寸：1620x1080，区域识别=开
[16:40:36] T13928 已存在区域文件，直接复用 2 个区域：['电子客票', '金额']
[16:40:36] T13928 使用 2 个区域：['电子客票', '金额']
[16:40:36] T13928 _run 进入：path=(bytes/base64)
[16:40:36] T13928 图片尺寸：1620x1080，区域识别=开
[16:40:36] T13928 已存在区域文件，直接复用 2 个区域：['电子客票', '金额']
[16:40:36] T13928 使用 2 个区域：['电子客票', '金额']
[16:40:37] T13928 _run 进入：path=(bytes/base64)
[16:40:37] T13928 图片尺寸：1620x1080，区域识别=开
[16:40:37] T13928 已存在区域文件，直接复用 2 个区域：['电子客票', '金额']
[16:40:37] T13928 使用 2 个区域：['电子客票', '金额']
[16:40:37] T13928 _run 进入：path=(bytes/base64)
[16:40:37] T13928 图片尺寸：1620x1080，区域识别=开
[16:40:37] T13928 已存在区域文件，直接复用 2 个区域：['电子客票', '金额']
[16:40:37] T13928 使用 2 个区域：['电子客票', '金额']
[16:40:37] T13928 _run 进入：path=(bytes/base64)
[16:40:37] T13928 图片尺寸：1620x1080，区域识别=开
[16:40:37] T13928 已存在区域文件，直接复用 2 个区域：['电子客票', '金额']
[16:40:37] T13928 使用 2 个区域：['电子客票', '金额']
[16:40:37] T13928 _run 进入：path=(bytes/base64)
[16:40:37] T13928 图片尺寸：1620x1080，区域识别=开
[16:40:37] T13928 已存在区域文件，直接复用 2 个区域：['电子客票', '金额']
[16:40:37] T13928 使用 2 个区域：['电子客票', '金额']
[16:40:37] T13928 _run 进入：path=(bytes/base64)
[16:40:37] T13928 图片尺寸：1620x1080，区域识别=开
[16:40:37] T13928 已存在区域文件，直接复用 2 个区域：['电子客票', '金额']
[16:40:37] T13928 使用 2 个区域：['电子客票', '金额']
[16:40:37] T13928 _run 进入：path=(bytes/base64)
[16:40:37] T13928 图片尺寸：1620x1080，区域识别=开
[16:40:37] T13928 已存在区域文件，直接复用 2 个区域：['电子客票', '金额']
[16:40:37] T13928 使用 2 个区域：['电子客票', '金额']
[16:40:37] T13928 _run 进入：path=(bytes/base64)
[16:40:37] T13928 图片尺寸：1620x1080，区域识别=开
[16:40:37] T13928 已存在区域文件，直接复用 2 个区域：['电子客票', '金额']
[16:40:37] T13928 使用 2 个区域：['电子客票', '金额']
[16:40:55] T20944 _run 进入：path=(bytes/base64)
[16:40:55] T20944 图片尺寸：1620x1080，区域识别=开
[16:40:55] T20944 已存在区域文件，直接复用 2 个区域：['电子客票', '金额']
[16:40:55] T20944 使用 2 个区域：['电子客票', '金额']
[16:40:55] T20944 _run 进入：path=(bytes/base64)
[16:40:55] T20944 图片尺寸：1620x1080，区域识别=开
[16:40:55] T20944 已存在区域文件，直接复用 2 个区域：['电子客票', '金额']
[16:40:55] T20944 使用 2 个区域：['电子客票', '金额']
[16:40:55] T20944 _run 进入：path=(bytes/base64)
[16:40:55] T20944 图片尺寸：1620x1080，区域识别=开
[16:40:55] T20944 已存在区域文件，直接复用 2 个区域：['电子客票', '金额']
[16:40:55] T20944 使用 2 个区域：['电子客票', '金额']
[16:40:55] T20944 _run 进入：path=(bytes/base64)
[16:40:55] T20944 图片尺寸：1620x1080，区域识别=开
[16:40:55] T20944 已存在区域文件，直接复用 2 个区域：['电子客票', '金额']
[16:40:55] T20944 使用 2 个区域：['电子客票', '金额']
[16:40:55] T20944 _run 进入：path=(bytes/base64)
[16:40:55] T20944 图片尺寸：1620x1080，区域识别=开
[16:40:55] T20944 已存在区域文件，直接复用 2 个区域：['电子客票', '金额']
[16:40:55] T20944 使用 2 个区域：['电子客票', '金额']
[16:40:55] T20944 _run 进入：path=(bytes/base64)
[16:40:55] T20944 图片尺寸：1620x1080，区域识别=开
[16:40:55] T20944 已存在区域文件，直接复用 2 个区域：['电子客票', '金额']
[16:40:55] T20944 使用 2 个区域：['电子客票', '金额']
[16:40:55] T20944 _run 进入：path=(bytes/base64)
[16:40:55] T20944 图片尺寸：1620x1080，区域识别=开
[16:40:55] T20944 已存在区域文件，直接复用 2 个区域：['电子客票', '金额']
[16:40:55] T20944 使用 2 个区域：['电子客票', '金额']
[16:40:56] T20944 _run 进入：path=(bytes/base64)
[16:40:56] T20944 图片尺寸：1620x1080，区域识别=开
[16:40:56] T20944 已存在区域文件，直接复用 2 个区域：['电子客票', '金额']
[16:40:56] T20944 使用 2 个区域：['电子客票', '金额']
[16:40:56] T20944 _run 进入：path=(bytes/base64)
[16:40:56] T20944 图片尺寸：1620x1080，区域识别=开
[16:40:56] T20944 已存在区域文件，直接复用 2 个区域：['电子客票', '金额']
[16:40:56] T20944 使用 2 个区域：['电子客票', '金额']
[16:40:56] T20944 _run 进入：path=(bytes/base64)
[16:40:56] T20944 图片尺寸：1620x1080，区域识别=开
[16:40:56] T20944 已存在区域文件，直接复用 2 个区域：['电子客票', '金额']
[16:40:56] T20944 使用 2 个区域：['电子客票', '金额']
[16:40:56] T20944 _run 进入：path=(bytes/base64)
[16:40:56] T20944 图片尺寸：1620x1080，区域识别=开
[16:40:56] T20944 已存在区域文件，直接复用 2 个区域：['电子客票', '金额']
[16:40:56] T20944 使用 2 个区域：['电子客票', '金额']
[16:40:56] T20944 _run 进入：path=(bytes/base64)
[16:40:56] T20944 图片尺寸：1620x1080，区域识别=开
[16:40:56] T20944 已存在区域文件，直接复用 2 个区域：['电子客票', '金额']
[16:40:56] T20944 使用 2 个区域：['电子客票', '金额']
[16:40:56] T20944 _run 进入：path=(bytes/base64)
[16:40:56] T20944 图片尺寸：1620x1080，区域识别=开
[16:40:56] T20944 已存在区域文件，直接复用 2 个区域：['电子客票', '金额']
[16:40:56] T20944 使用 2 个区域：['电子客票', '金额']
[16:40:56] T20944 _run 进入：path=(bytes/base64)
[16:40:56] T20944 图片尺寸：1620x1080，区域识别=开
[16:40:56] T20944 已存在区域文件，直接复用 2 个区域：['电子客票', '金额']
[16:40:56] T20944 使用 2 个区域：['电子客票', '金额']
[16:40:56] T20944 _run 进入：path=(bytes/base64)
[16:40:56] T20944 图片尺寸：1620x1080，区域识别=开
[16:40:56] T20944 已存在区域文件，直接复用 2 个区域：['电子客票', '金额']
[16:40:56] T20944 使用 2 个区域：['电子客票', '金额']
[16:40:56] T20944 _run 进入：path=(bytes/base64)
[16:40:56] T20944 图片尺寸：1620x1080，区域识别=开
[16:40:56] T20944 已存在区域文件，直接复用 2 个区域：['电子客票', '金额']
[16:40:56] T20944 使用 2 个区域：['电子客票', '金额']
[16:40:57] T20944 _run 进入：path=(bytes/base64)
[16:40:57] T20944 图片尺寸：1620x1080，区域识别=开
[16:40:57] T20944 已存在区域文件，直接复用 2 个区域：['电子客票', '金额']
[16:40:57] T20944 使用 2 个区域：['电子客票', '金额']
[16:40:57] T20944 _run 进入：path=(bytes/base64)
[16:40:57] T20944 图片尺寸：1620x1080，区域识别=开
[16:40:57] T20944 已存在区域文件，直接复用 2 个区域：['电子客票', '金额']
[16:40:57] T20944 使用 2 个区域：['电子客票', '金额']
[16:40:57] T20944 _run 进入：path=(bytes/base64)
[16:40:57] T20944 图片尺寸：1620x1080，区域识别=开
[16:40:57] T20944 已存在区域文件，直接复用 2 个区域：['电子客票', '金额']
[16:40:57] T20944 使用 2 个区域：['电子客票', '金额']
[16:41:18] T20944 _run 进入：path=(bytes/base64)
[16:41:18] T20944 图片尺寸：1620x1080，区域识别=开
[16:41:18] T20944 已存在区域文件，直接复用 2 个区域：['电子客票', '金额']
[16:41:18] T20944 使用 2 个区域：['电子客票', '金额']
[16:41:19] T20944 _run 进入：path=(bytes/base64)
[16:41:19] T20944 图片尺寸：1620x1080，区域识别=开
[16:41:19] T20944 已存在区域文件，直接复用 2 个区域：['电子客票', '金额']
[16:41:19] T20944 使用 2 个区域：['电子客票', '金额']
[16:41:19] T20944 _run 进入：path=(bytes/base64)
[16:41:19] T20944 图片尺寸：1620x1080，区域识别=开
[16:41:19] T20944 已存在区域文件，直接复用 2 个区域：['电子客票', '金额']
[16:41:19] T20944 使用 2 个区域：['电子客票', '金额']
[16:41:19] T20944 _run 进入：path=(bytes/base64)
[16:41:19] T20944 图片尺寸：1620x1080，区域识别=开
[16:41:19] T20944 已存在区域文件，直接复用 2 个区域：['电子客票', '金额']
[16:41:19] T20944 使用 2 个区域：['电子客票', '金额']
[16:41:19] T20944 _run 进入：path=(bytes/base64)
[16:41:19] T20944 图片尺寸：1620x1080，区域识别=开
[16:41:19] T20944 已存在区域文件，直接复用 2 个区域：['电子客票', '金额']
[16:41:19] T20944 使用 2 个区域：['电子客票', '金额']
[16:41:19] T20944 _run 进入：path=(bytes/base64)
[16:41:19] T20944 图片尺寸：1620x1080，区域识别=开
[16:41:19] T20944 已存在区域文件，直接复用 2 个区域：['电子客票', '金额']
[16:41:19] T20944 使用 2 个区域：['电子客票', '金额']
[16:41:19] T20944 _run 进入：path=(bytes/base64)
[16:41:19] T20944 图片尺寸：1620x1080，区域识别=开
[16:41:19] T20944 已存在区域文件，直接复用 2 个区域：['电子客票', '金额']
[16:41:19] T20944 使用 2 个区域：['电子客票', '金额']
[16:41:19] T20944 _run 进入：path=(bytes/base64)
[16:41:19] T20944 图片尺寸：1620x1080，区域识别=开
[16:41:19] T20944 已存在区域文件，直接复用 2 个区域：['电子客票', '金额']
[16:41:19] T20944 使用 2 个区域：['电子客票', '金额']
[16:41:19] T20944 _run 进入：path=(bytes/base64)
[16:41:19] T20944 图片尺寸：1620x1080，区域识别=开
[16:41:19] T20944 已存在区域文件，直接复用 2 个区域：['电子客票', '金额']
[16:41:19] T20944 使用 2 个区域：['电子客票', '金额']
[16:41:19] T20944 _run 进入：path=(bytes/base64)
[16:41:19] T20944 图片尺寸：1620x1080，区域识别=开
[16:41:19] T20944 已存在区域文件，直接复用 2 个区域：['电子客票', '金额']
[16:41:19] T20944 使用 2 个区域：['电子客票', '金额']
[16:41:19] T20944 _run 进入：path=(bytes/base64)
[16:41:19] T20944 图片尺寸：1620x1080，区域识别=开
[16:41:19] T20944 已存在区域文件，直接复用 2 个区域：['电子客票', '金额']
[16:41:19] T20944 使用 2 个区域：['电子客票', '金额']
[16:41:20] T20944 _run 进入：path=(bytes/base64)
[16:41:20] T20944 图片尺寸：1620x1080，区域识别=开
[16:41:20] T20944 已存在区域文件，直接复用 2 个区域：['电子客票', '金额']
[16:41:20] T20944 使用 2 个区域：['电子客票', '金额']
[16:41:20] T20944 _run 进入：path=(bytes/base64)
[16:41:20] T20944 图片尺寸：1620x1080，区域识别=开
[16:41:20] T20944 已存在区域文件，直接复用 2 个区域：['电子客票', '金额']
[16:41:20] T20944 使用 2 个区域：['电子客票', '金额']
[16:41:20] T20944 _run 进入：path=(bytes/base64)
[16:41:20] T20944 图片尺寸：1620x1080，区域识别=开
[16:41:20] T20944 已存在区域文件，直接复用 2 个区域：['电子客票', '金额']
[16:41:20] T20944 使用 2 个区域：['电子客票', '金额']
[16:41:20] T20944 _run 进入：path=(bytes/base64)
[16:41:20] T20944 图片尺寸：1620x1080，区域识别=开
[16:41:20] T20944 已存在区域文件，直接复用 2 个区域：['电子客票', '金额']
[16:41:20] T20944 使用 2 个区域：['电子客票', '金额']
[16:41:20] T20944 _run 进入：path=(bytes/base64)
[16:41:20] T20944 图片尺寸：1620x1080，区域识别=开
[16:41:20] T20944 已存在区域文件，直接复用 2 个区域：['电子客票', '金额']
[16:41:20] T20944 使用 2 个区域：['电子客票', '金额']
[16:41:20] T20944 _run 进入：path=(bytes/base64)
[16:41:20] T20944 图片尺寸：1620x1080，区域识别=开
[16:41:20] T20944 已存在区域文件，直接复用 2 个区域：['电子客票', '金额']
[16:41:20] T20944 使用 2 个区域：['电子客票', '金额']
[16:41:20] T20944 _run 进入：path=(bytes/base64)
[16:41:20] T20944 图片尺寸：1620x1080，区域识别=开
[16:41:20] T20944 已存在区域文件，直接复用 2 个区域：['电子客票', '金额']
[16:41:20] T20944 使用 2 个区域：['电子客票', '金额']
[16:41:20] T20944 _run 进入：path=(bytes/base64)
[16:41:20] T20944 图片尺寸：1620x1080，区域识别=开
[16:41:20] T20944 已存在区域文件，直接复用 2 个区域：['电子客票', '金额']
[16:41:20] T20944 使用 2 个区域：['电子客票', '金额']
[16:41:41] T32108 Api 初始化完成，引擎路径：D:\umiOcr\Umi-OCR_Paddle_v2.1.5\UmiOCR-data\plugins\roi_PaddleOCR-json\PaddleOCR-json.exe
[16:41:45] T13928 启动引擎中... 参数：{'enable_mkldnn': True, 'cpu_threads': 8, 'config_path': 'models/config_chinese.txt', 'cls': True, 'limit_side_len': 960}
[16:41:45] T13928 引擎启动完成
[16:41:45] T13928 _run 进入：path=(bytes/base64)
[16:41:45] T13928 图片尺寸：1620x1080，区域识别=开
[16:41:45] T13928 重新框选区域：本次运行仅弹窗一次
[16:41:45] T13928 准备弹出框选窗口...
[16:41:45] T13928 selectRegionsInteractive: 当前线程是否主线程=False
[16:41:45] T13928 已投递弹窗任务到主线程，等待用户框选...
[16:41:45] T32108 主线程：创建 QML 框选窗口
[16:41:46] T32108 QML 窗口已显示
[16:42:15] T32108 保存预设：电子普票发票备注（1 个区域，覆盖=False）
[16:42:18] T32108 QML 提交区域：1 个
[16:42:18] T32108 关闭窗口异常：Internal C++ object (PySide2.QtQuick.QQuickWindow) already deleted.
[16:42:18] T13928 框选窗口已关闭，继续处理
[16:42:18] T13928 框选窗口返回：1 个区域
[16:42:18] T13928 区域已保存到 D:\umiOcr\Umi-OCR_Paddle_v2.1.5\UmiOCR-data\plugins\roi_PaddleOCR-json\regions.json
[16:42:18] T13928 使用 1 个区域：['发票备注']
[16:42:18] T13928 _run 进入：path=(bytes/base64)
[16:42:18] T13928 图片尺寸：1620x1080，区域识别=开
[16:42:18] T13928 已存在区域文件，直接复用 1 个区域：['发票备注']
[16:42:18] T13928 使用 1 个区域：['发票备注']
[16:42:18] T13928 _run 进入：path=(bytes/base64)
[16:42:18] T13928 图片尺寸：1620x1080，区域识别=开
[16:42:18] T13928 已存在区域文件，直接复用 1 个区域：['发票备注']
[16:42:18] T13928 使用 1 个区域：['发票备注']
[16:42:18] T13928 _run 进入：path=(bytes/base64)
[16:42:18] T13928 图片尺寸：1620x1080，区域识别=开
[16:42:18] T13928 已存在区域文件，直接复用 1 个区域：['发票备注']
[16:42:18] T13928 使用 1 个区域：['发票备注']
[16:42:19] T13928 _run 进入：path=(bytes/base64)
[16:42:19] T13928 图片尺寸：1620x1080，区域识别=开
[16:42:19] T13928 已存在区域文件，直接复用 1 个区域：['发票备注']
[16:42:19] T13928 使用 1 个区域：['发票备注']
[16:42:19] T13928 _run 进入：path=(bytes/base64)
[16:42:19] T13928 图片尺寸：1620x1080，区域识别=开
[16:42:19] T13928 已存在区域文件，直接复用 1 个区域：['发票备注']
[16:42:19] T13928 使用 1 个区域：['发票备注']
[16:42:19] T13928 _run 进入：path=(bytes/base64)
[16:42:19] T13928 图片尺寸：1620x1080，区域识别=开
[16:42:19] T13928 已存在区域文件，直接复用 1 个区域：['发票备注']
[16:42:19] T13928 使用 1 个区域：['发票备注']
[16:42:19] T13928 _run 进入：path=(bytes/base64)
[16:42:19] T13928 图片尺寸：1620x1080，区域识别=开
[16:42:19] T13928 已存在区域文件，直接复用 1 个区域：['发票备注']
[16:42:19] T13928 使用 1 个区域：['发票备注']
[16:42:20] T13928 _run 进入：path=(bytes/base64)
[16:42:20] T13928 图片尺寸：1620x1080，区域识别=开
[16:42:20] T13928 已存在区域文件，直接复用 1 个区域：['发票备注']
[16:42:20] T13928 使用 1 个区域：['发票备注']
[16:42:20] T13928 _run 进入：path=(bytes/base64)
[16:42:20] T13928 图片尺寸：1620x1080，区域识别=开
[16:42:20] T13928 已存在区域文件，直接复用 1 个区域：['发票备注']
[16:42:20] T13928 使用 1 个区域：['发票备注']
[16:42:20] T13928 _run 进入：path=(bytes/base64)
[16:42:20] T13928 图片尺寸：1620x1080，区域识别=开
[16:42:20] T13928 已存在区域文件，直接复用 1 个区域：['发票备注']
[16:42:20] T13928 使用 1 个区域：['发票备注']
[16:42:20] T13928 _run 进入：path=(bytes/base64)
[16:42:20] T13928 图片尺寸：1620x1080，区域识别=开
[16:42:20] T13928 已存在区域文件，直接复用 1 个区域：['发票备注']
[16:42:20] T13928 使用 1 个区域：['发票备注']
[16:42:21] T13928 _run 进入：path=(bytes/base64)
[16:42:21] T13928 图片尺寸：1620x1080，区域识别=开
[16:42:21] T13928 已存在区域文件，直接复用 1 个区域：['发票备注']
[16:42:21] T13928 使用 1 个区域：['发票备注']
[16:42:21] T13928 _run 进入：path=(bytes/base64)
[16:42:21] T13928 图片尺寸：1620x1080，区域识别=开
[16:42:21] T13928 已存在区域文件，直接复用 1 个区域：['发票备注']
[16:42:21] T13928 使用 1 个区域：['发票备注']
[16:42:21] T13928 _run 进入：path=(bytes/base64)
[16:42:21] T13928 图片尺寸：1620x1080，区域识别=开
[16:42:21] T13928 已存在区域文件，直接复用 1 个区域：['发票备注']
[16:42:21] T13928 使用 1 个区域：['发票备注']
[16:42:21] T13928 _run 进入：path=(bytes/base64)
[16:42:21] T13928 图片尺寸：1620x1080，区域识别=开
[16:42:21] T13928 已存在区域文件，直接复用 1 个区域：['发票备注']
[16:42:21] T13928 使用 1 个区域：['发票备注']
[16:42:22] T13928 _run 进入：path=(bytes/base64)
[16:42:22] T13928 图片尺寸：1620x1080，区域识别=开
[16:42:22] T13928 已存在区域文件，直接复用 1 个区域：['发票备注']
[16:42:22] T13928 使用 1 个区域：['发票备注']
[16:42:22] T13928 _run 进入：path=(bytes/base64)
[16:42:22] T13928 图片尺寸：1620x1080，区域识别=开
[16:42:22] T13928 已存在区域文件，直接复用 1 个区域：['发票备注']
[16:42:22] T13928 使用 1 个区域：['发票备注']
[16:42:22] T13928 _run 进入：path=(bytes/base64)
[16:42:22] T13928 图片尺寸：1620x1080，区域识别=开
[16:42:22] T13928 已存在区域文件，直接复用 1 个区域：['发票备注']
[16:42:22] T13928 使用 1 个区域：['发票备注']
[16:57:51] T32108 Api 初始化完成，引擎路径：D:\umiOcr\Umi-OCR_Paddle_v2.1.5\UmiOCR-data\plugins\roi_PaddleOCR-json\PaddleOCR-json.exe
[16:58:06] T22052 启动引擎中... 参数：{'enable_mkldnn': True, 'cpu_threads': 8, 'config_path': 'models/config_chinese.txt', 'cls': True, 'limit_side_len': 960}
[16:58:07] T22052 引擎启动完成
[16:58:07] T22052 _run 进入：path=(bytes/base64)
[16:58:07] T22052 图片尺寸：1861x1080，区域识别=开
[16:58:07] T22052 重新框选区域：本次运行仅弹窗一次
[16:58:07] T22052 准备弹出框选窗口...
[16:58:07] T22052 selectRegionsInteractive: 当前线程是否主线程=False
[16:58:07] T22052 已投递弹窗任务到主线程，等待用户框选...
[16:58:07] T32108 主线程：创建 QML 框选窗口
[16:58:07] T32108 QML 窗口已显示
[16:58:22] T32108 QML 提交区域：8 个
[16:58:22] T32108 关闭窗口异常：Internal C++ object (PySide2.QtQuick.QQuickWindow) already deleted.
[16:58:22] T22052 框选窗口已关闭，继续处理
[16:58:22] T22052 框选窗口返回：8 个区域
[16:58:22] T22052 区域已保存到 D:\umiOcr\Umi-OCR_Paddle_v2.1.5\UmiOCR-data\plugins\roi_PaddleOCR-json\regions.json
[16:58:22] T22052 使用 8 个区域：['电子客票号', '总计金额', '票价', '燃油附加费', '增值税额', '机场建设费', '乘机人', '发票号码']
[16:58:22] T22052 _run 进入：path=(bytes/base64)
[16:58:22] T22052 图片尺寸：1861x1080，区域识别=开
[16:58:22] T22052 已存在区域文件，直接复用 8 个区域：['电子客票号', '总计金额', '票价', '燃油附加费', '增值税额', '机场建设费', '乘机人', '发票号码']
[16:58:22] T22052 使用 8 个区域：['电子客票号', '总计金额', '票价', '燃油附加费', '增值税额', '机场建设费', '乘机人', '发票号码']
[16:58:22] T22052 _run 进入：path=(bytes/base64)
[16:58:22] T22052 图片尺寸：1861x1080，区域识别=开
[16:58:22] T22052 已存在区域文件，直接复用 8 个区域：['电子客票号', '总计金额', '票价', '燃油附加费', '增值税额', '机场建设费', '乘机人', '发票号码']
[16:58:22] T22052 使用 8 个区域：['电子客票号', '总计金额', '票价', '燃油附加费', '增值税额', '机场建设费', '乘机人', '发票号码']
[16:58:22] T22052 _run 进入：path=(bytes/base64)
[16:58:22] T22052 图片尺寸：1861x1080，区域识别=开
[16:58:22] T22052 已存在区域文件，直接复用 8 个区域：['电子客票号', '总计金额', '票价', '燃油附加费', '增值税额', '机场建设费', '乘机人', '发票号码']
[16:58:22] T22052 使用 8 个区域：['电子客票号', '总计金额', '票价', '燃油附加费', '增值税额', '机场建设费', '乘机人', '发票号码']
[16:58:23] T22052 _run 进入：path=(bytes/base64)
[16:58:23] T22052 图片尺寸：1861x1080，区域识别=开
[16:58:23] T22052 已存在区域文件，直接复用 8 个区域：['电子客票号', '总计金额', '票价', '燃油附加费', '增值税额', '机场建设费', '乘机人', '发票号码']
[16:58:23] T22052 使用 8 个区域：['电子客票号', '总计金额', '票价', '燃油附加费', '增值税额', '机场建设费', '乘机人', '发票号码']
[16:58:23] T22052 _run 进入：path=(bytes/base64)
[16:58:23] T22052 图片尺寸：1861x1080，区域识别=开
[16:58:23] T22052 已存在区域文件，直接复用 8 个区域：['电子客票号', '总计金额', '票价', '燃油附加费', '增值税额', '机场建设费', '乘机人', '发票号码']
[16:58:23] T22052 使用 8 个区域：['电子客票号', '总计金额', '票价', '燃油附加费', '增值税额', '机场建设费', '乘机人', '发票号码']
[16:58:23] T22052 _run 进入：path=(bytes/base64)
[16:58:23] T22052 图片尺寸：1861x1080，区域识别=开
[16:58:23] T22052 已存在区域文件，直接复用 8 个区域：['电子客票号', '总计金额', '票价', '燃油附加费', '增值税额', '机场建设费', '乘机人', '发票号码']
[16:58:23] T22052 使用 8 个区域：['电子客票号', '总计金额', '票价', '燃油附加费', '增值税额', '机场建设费', '乘机人', '发票号码']
[16:58:24] T22052 _run 进入：path=(bytes/base64)
[16:58:24] T22052 图片尺寸：1861x1080，区域识别=开
[16:58:24] T22052 已存在区域文件，直接复用 8 个区域：['电子客票号', '总计金额', '票价', '燃油附加费', '增值税额', '机场建设费', '乘机人', '发票号码']
[16:58:24] T22052 使用 8 个区域：['电子客票号', '总计金额', '票价', '燃油附加费', '增值税额', '机场建设费', '乘机人', '发票号码']
[16:58:24] T22052 _run 进入：path=(bytes/base64)
[16:58:24] T22052 图片尺寸：1861x1080，区域识别=开
[16:58:24] T22052 已存在区域文件，直接复用 8 个区域：['电子客票号', '总计金额', '票价', '燃油附加费', '增值税额', '机场建设费', '乘机人', '发票号码']
[16:58:24] T22052 使用 8 个区域：['电子客票号', '总计金额', '票价', '燃油附加费', '增值税额', '机场建设费', '乘机人', '发票号码']
[16:58:24] T22052 _run 进入：path=(bytes/base64)
[16:58:24] T22052 图片尺寸：1861x1080，区域识别=开
[16:58:24] T22052 已存在区域文件，直接复用 8 个区域：['电子客票号', '总计金额', '票价', '燃油附加费', '增值税额', '机场建设费', '乘机人', '发票号码']
[16:58:24] T22052 使用 8 个区域：['电子客票号', '总计金额', '票价', '燃油附加费', '增值税额', '机场建设费', '乘机人', '发票号码']
[16:58:24] T22052 _run 进入：path=(bytes/base64)
[16:58:24] T22052 图片尺寸：1861x1080，区域识别=开
[16:58:24] T22052 已存在区域文件，直接复用 8 个区域：['电子客票号', '总计金额', '票价', '燃油附加费', '增值税额', '机场建设费', '乘机人', '发票号码']
[16:58:24] T22052 使用 8 个区域：['电子客票号', '总计金额', '票价', '燃油附加费', '增值税额', '机场建设费', '乘机人', '发票号码']
[16:58:25] T22052 _run 进入：path=(bytes/base64)
[16:58:25] T22052 图片尺寸：1861x1080，区域识别=开
[16:58:25] T22052 已存在区域文件，直接复用 8 个区域：['电子客票号', '总计金额', '票价', '燃油附加费', '增值税额', '机场建设费', '乘机人', '发票号码']
[16:58:25] T22052 使用 8 个区域：['电子客票号', '总计金额', '票价', '燃油附加费', '增值税额', '机场建设费', '乘机人', '发票号码']
[16:58:25] T22052 _run 进入：path=(bytes/base64)
[16:58:25] T22052 图片尺寸：1861x1080，区域识别=开
[16:58:25] T22052 已存在区域文件，直接复用 8 个区域：['电子客票号', '总计金额', '票价', '燃油附加费', '增值税额', '机场建设费', '乘机人', '发票号码']
[16:58:25] T22052 使用 8 个区域：['电子客票号', '总计金额', '票价', '燃油附加费', '增值税额', '机场建设费', '乘机人', '发票号码']
[16:58:25] T22052 _run 进入：path=(bytes/base64)
[16:58:25] T22052 图片尺寸：1861x1080，区域识别=开
[16:58:25] T22052 已存在区域文件，直接复用 8 个区域：['电子客票号', '总计金额', '票价', '燃油附加费', '增值税额', '机场建设费', '乘机人', '发票号码']
[16:58:25] T22052 使用 8 个区域：['电子客票号', '总计金额', '票价', '燃油附加费', '增值税额', '机场建设费', '乘机人', '发票号码']
[16:58:25] T22052 _run 进入：path=(bytes/base64)
[16:58:25] T22052 图片尺寸：1861x1080，区域识别=开
[16:58:25] T22052 已存在区域文件，直接复用 8 个区域：['电子客票号', '总计金额', '票价', '燃油附加费', '增值税额', '机场建设费', '乘机人', '发票号码']
[16:58:25] T22052 使用 8 个区域：['电子客票号', '总计金额', '票价', '燃油附加费', '增值税额', '机场建设费', '乘机人', '发票号码']
[16:58:26] T22052 _run 进入：path=(bytes/base64)
[16:58:26] T22052 图片尺寸：1861x1080，区域识别=开
[16:58:26] T22052 已存在区域文件，直接复用 8 个区域：['电子客票号', '总计金额', '票价', '燃油附加费', '增值税额', '机场建设费', '乘机人', '发票号码']
[16:58:26] T22052 使用 8 个区域：['电子客票号', '总计金额', '票价', '燃油附加费', '增值税额', '机场建设费', '乘机人', '发票号码']
[16:58:26] T22052 _run 进入：path=(bytes/base64)
[16:58:26] T22052 图片尺寸：1861x1080，区域识别=开
[16:58:26] T22052 已存在区域文件，直接复用 8 个区域：['电子客票号', '总计金额', '票价', '燃油附加费', '增值税额', '机场建设费', '乘机人', '发票号码']
[16:58:26] T22052 使用 8 个区域：['电子客票号', '总计金额', '票价', '燃油附加费', '增值税额', '机场建设费', '乘机人', '发票号码']
[16:58:26] T22052 _run 进入：path=(bytes/base64)
[16:58:26] T22052 图片尺寸：1861x1080，区域识别=开
[16:58:26] T22052 已存在区域文件，直接复用 8 个区域：['电子客票号', '总计金额', '票价', '燃油附加费', '增值税额', '机场建设费', '乘机人', '发票号码']
[16:58:26] T22052 使用 8 个区域：['电子客票号', '总计金额', '票价', '燃油附加费', '增值税额', '机场建设费', '乘机人', '发票号码']
[16:58:26] T22052 _run 进入：path=(bytes/base64)
[16:58:26] T22052 图片尺寸：1861x1080，区域识别=开
[16:58:26] T22052 已存在区域文件，直接复用 8 个区域：['电子客票号', '总计金额', '票价', '燃油附加费', '增值税额', '机场建设费', '乘机人', '发票号码']
[16:58:26] T22052 使用 8 个区域：['电子客票号', '总计金额', '票价', '燃油附加费', '增值税额', '机场建设费', '乘机人', '发票号码']
[16:58:27] T22052 _run 进入：path=(bytes/base64)
[16:58:27] T22052 图片尺寸：1861x1080，区域识别=开
[16:58:27] T22052 已存在区域文件，直接复用 8 个区域：['电子客票号', '总计金额', '票价', '燃油附加费', '增值税额', '机场建设费', '乘机人', '发票号码']
[16:58:27] T22052 使用 8 个区域：['电子客票号', '总计金额', '票价', '燃油附加费', '增值税额', '机场建设费', '乘机人', '发票号码']
[16:58:27] T22052 _run 进入：path=(bytes/base64)
[16:58:27] T22052 图片尺寸：1861x1080，区域识别=开
[16:58:27] T22052 已存在区域文件，直接复用 8 个区域：['电子客票号', '总计金额', '票价', '燃油附加费', '增值税额', '机场建设费', '乘机人', '发票号码']
[16:58:27] T22052 使用 8 个区域：['电子客票号', '总计金额', '票价', '燃油附加费', '增值税额', '机场建设费', '乘机人', '发票号码']
[16:58:27] T22052 _run 进入：path=(bytes/base64)
[16:58:27] T22052 图片尺寸：1861x1080，区域识别=开
[16:58:27] T22052 已存在区域文件，直接复用 8 个区域：['电子客票号', '总计金额', '票价', '燃油附加费', '增值税额', '机场建设费', '乘机人', '发票号码']
[16:58:27] T22052 使用 8 个区域：['电子客票号', '总计金额', '票价', '燃油附加费', '增值税额', '机场建设费', '乘机人', '发票号码']
[16:58:28] T22052 _run 进入：path=(bytes/base64)
[16:58:28] T22052 图片尺寸：1861x1080，区域识别=开
[16:58:28] T22052 已存在区域文件，直接复用 8 个区域：['电子客票号', '总计金额', '票价', '燃油附加费', '增值税额', '机场建设费', '乘机人', '发票号码']
[16:58:28] T22052 使用 8 个区域：['电子客票号', '总计金额', '票价', '燃油附加费', '增值税额', '机场建设费', '乘机人', '发票号码']
[16:58:28] T22052 _run 进入：path=(bytes/base64)
[16:58:28] T22052 图片尺寸：1861x1080，区域识别=开
[16:58:28] T22052 已存在区域文件，直接复用 8 个区域：['电子客票号', '总计金额', '票价', '燃油附加费', '增值税额', '机场建设费', '乘机人', '发票号码']
[16:58:28] T22052 使用 8 个区域：['电子客票号', '总计金额', '票价', '燃油附加费', '增值税额', '机场建设费', '乘机人', '发票号码']
[16:58:28] T22052 _run 进入：path=(bytes/base64)
[16:58:28] T22052 图片尺寸：1861x1080，区域识别=开
[16:58:28] T22052 已存在区域文件，直接复用 8 个区域：['电子客票号', '总计金额', '票价', '燃油附加费', '增值税额', '机场建设费', '乘机人', '发票号码']
[16:58:28] T22052 使用 8 个区域：['电子客票号', '总计金额', '票价', '燃油附加费', '增值税额', '机场建设费', '乘机人', '发票号码']
[16:58:28] T22052 _run 进入：path=(bytes/base64)
[16:58:28] T22052 图片尺寸：1861x1080，区域识别=开
[16:58:28] T22052 已存在区域文件，直接复用 8 个区域：['电子客票号', '总计金额', '票价', '燃油附加费', '增值税额', '机场建设费', '乘机人', '发票号码']
[16:58:28] T22052 使用 8 个区域：['电子客票号', '总计金额', '票价', '燃油附加费', '增值税额', '机场建设费', '乘机人', '发票号码']
[16:58:29] T22052 _run 进入：path=(bytes/base64)
[16:58:29] T22052 图片尺寸：1861x1080，区域识别=开
[16:58:29] T22052 已存在区域文件，直接复用 8 个区域：['电子客票号', '总计金额', '票价', '燃油附加费', '增值税额', '机场建设费', '乘机人', '发票号码']
[16:58:29] T22052 使用 8 个区域：['电子客票号', '总计金额', '票价', '燃油附加费', '增值税额', '机场建设费', '乘机人', '发票号码']
[16:58:29] T22052 _run 进入：path=(bytes/base64)
[16:58:29] T22052 图片尺寸：1861x1080，区域识别=开
[16:58:29] T22052 已存在区域文件，直接复用 8 个区域：['电子客票号', '总计金额', '票价', '燃油附加费', '增值税额', '机场建设费', '乘机人', '发票号码']
[16:58:29] T22052 使用 8 个区域：['电子客票号', '总计金额', '票价', '燃油附加费', '增值税额', '机场建设费', '乘机人', '发票号码']
[16:58:29] T22052 _run 进入：path=(bytes/base64)
[16:58:29] T22052 图片尺寸：1861x1080，区域识别=开
[16:58:29] T22052 已存在区域文件，直接复用 8 个区域：['电子客票号', '总计金额', '票价', '燃油附加费', '增值税额', '机场建设费', '乘机人', '发票号码']
[16:58:29] T22052 使用 8 个区域：['电子客票号', '总计金额', '票价', '燃油附加费', '增值税额', '机场建设费', '乘机人', '发票号码']
[16:58:29] T22052 _run 进入：path=(bytes/base64)
[16:58:29] T22052 图片尺寸：1861x1080，区域识别=开
[16:58:29] T22052 已存在区域文件，直接复用 8 个区域：['电子客票号', '总计金额', '票价', '燃油附加费', '增值税额', '机场建设费', '乘机人', '发票号码']
[16:58:29] T22052 使用 8 个区域：['电子客票号', '总计金额', '票价', '燃油附加费', '增值税额', '机场建设费', '乘机人', '发票号码']
[16:58:30] T22052 _run 进入：path=(bytes/base64)
[16:58:30] T22052 图片尺寸：1861x1080，区域识别=开
[16:58:30] T22052 已存在区域文件，直接复用 8 个区域：['电子客票号', '总计金额', '票价', '燃油附加费', '增值税额', '机场建设费', '乘机人', '发票号码']
[16:58:30] T22052 使用 8 个区域：['电子客票号', '总计金额', '票价', '燃油附加费', '增值税额', '机场建设费', '乘机人', '发票号码']
[16:58:30] T22052 _run 进入：path=(bytes/base64)
[16:58:30] T22052 图片尺寸：1861x1080，区域识别=开
[16:58:30] T22052 已存在区域文件，直接复用 8 个区域：['电子客票号', '总计金额', '票价', '燃油附加费', '增值税额', '机场建设费', '乘机人', '发票号码']
[16:58:30] T22052 使用 8 个区域：['电子客票号', '总计金额', '票价', '燃油附加费', '增值税额', '机场建设费', '乘机人', '发票号码']
[16:58:30] T22052 _run 进入：path=(bytes/base64)
[16:58:30] T22052 图片尺寸：1861x1080，区域识别=开
[16:58:30] T22052 已存在区域文件，直接复用 8 个区域：['电子客票号', '总计金额', '票价', '燃油附加费', '增值税额', '机场建设费', '乘机人', '发票号码']
[16:58:30] T22052 使用 8 个区域：['电子客票号', '总计金额', '票价', '燃油附加费', '增值税额', '机场建设费', '乘机人', '发票号码']
[16:58:31] T22052 _run 进入：path=(bytes/base64)
[16:58:31] T22052 图片尺寸：1861x1080，区域识别=开
[16:58:31] T22052 已存在区域文件，直接复用 8 个区域：['电子客票号', '总计金额', '票价', '燃油附加费', '增值税额', '机场建设费', '乘机人', '发票号码']
[16:58:31] T22052 使用 8 个区域：['电子客票号', '总计金额', '票价', '燃油附加费', '增值税额', '机场建设费', '乘机人', '发票号码']
[16:58:31] T22052 _run 进入：path=(bytes/base64)
[16:58:31] T22052 图片尺寸：1861x1080，区域识别=开
[16:58:31] T22052 已存在区域文件，直接复用 8 个区域：['电子客票号', '总计金额', '票价', '燃油附加费', '增值税额', '机场建设费', '乘机人', '发票号码']
[16:58:31] T22052 使用 8 个区域：['电子客票号', '总计金额', '票价', '燃油附加费', '增值税额', '机场建设费', '乘机人', '发票号码']
[16:58:31] T22052 _run 进入：path=(bytes/base64)
[16:58:31] T22052 图片尺寸：1861x1080，区域识别=开
[16:58:31] T22052 已存在区域文件，直接复用 8 个区域：['电子客票号', '总计金额', '票价', '燃油附加费', '增值税额', '机场建设费', '乘机人', '发票号码']
[16:58:31] T22052 使用 8 个区域：['电子客票号', '总计金额', '票价', '燃油附加费', '增值税额', '机场建设费', '乘机人', '发票号码']
[16:58:31] T22052 _run 进入：path=(bytes/base64)
[16:58:31] T22052 图片尺寸：1861x1080，区域识别=开
[16:58:31] T22052 已存在区域文件，直接复用 8 个区域：['电子客票号', '总计金额', '票价', '燃油附加费', '增值税额', '机场建设费', '乘机人', '发票号码']
[16:58:31] T22052 使用 8 个区域：['电子客票号', '总计金额', '票价', '燃油附加费', '增值税额', '机场建设费', '乘机人', '发票号码']
[16:58:32] T22052 _run 进入：path=(bytes/base64)
[16:58:32] T22052 图片尺寸：1861x1080，区域识别=开
[16:58:32] T22052 已存在区域文件，直接复用 8 个区域：['电子客票号', '总计金额', '票价', '燃油附加费', '增值税额', '机场建设费', '乘机人', '发票号码']
[16:58:32] T22052 使用 8 个区域：['电子客票号', '总计金额', '票价', '燃油附加费', '增值税额', '机场建设费', '乘机人', '发票号码']
[16:58:32] T22052 _run 进入：path=(bytes/base64)
[16:58:32] T22052 图片尺寸：1861x1080，区域识别=开
[16:58:32] T22052 已存在区域文件，直接复用 8 个区域：['电子客票号', '总计金额', '票价', '燃油附加费', '增值税额', '机场建设费', '乘机人', '发票号码']
[16:58:32] T22052 使用 8 个区域：['电子客票号', '总计金额', '票价', '燃油附加费', '增值税额', '机场建设费', '乘机人', '发票号码']
[16:58:32] T22052 _run 进入：path=(bytes/base64)
[16:58:32] T22052 图片尺寸：1861x1080，区域识别=开
[16:58:32] T22052 已存在区域文件，直接复用 8 个区域：['电子客票号', '总计金额', '票价', '燃油附加费', '增值税额', '机场建设费', '乘机人', '发票号码']
[16:58:32] T22052 使用 8 个区域：['电子客票号', '总计金额', '票价', '燃油附加费', '增值税额', '机场建设费', '乘机人', '发票号码']
[16:58:32] T22052 _run 进入：path=(bytes/base64)
[16:58:32] T22052 图片尺寸：1861x1080，区域识别=开
[16:58:32] T22052 已存在区域文件，直接复用 8 个区域：['电子客票号', '总计金额', '票价', '燃油附加费', '增值税额', '机场建设费', '乘机人', '发票号码']
[16:58:32] T22052 使用 8 个区域：['电子客票号', '总计金额', '票价', '燃油附加费', '增值税额', '机场建设费', '乘机人', '发票号码']
[16:58:33] T22052 _run 进入：path=(bytes/base64)
[16:58:33] T22052 图片尺寸：1861x1080，区域识别=开
[16:58:33] T22052 已存在区域文件，直接复用 8 个区域：['电子客票号', '总计金额', '票价', '燃油附加费', '增值税额', '机场建设费', '乘机人', '发票号码']
[16:58:33] T22052 使用 8 个区域：['电子客票号', '总计金额', '票价', '燃油附加费', '增值税额', '机场建设费', '乘机人', '发票号码']
[16:58:33] T22052 _run 进入：path=(bytes/base64)
[16:58:33] T22052 图片尺寸：1861x1080，区域识别=开
[16:58:33] T22052 已存在区域文件，直接复用 8 个区域：['电子客票号', '总计金额', '票价', '燃油附加费', '增值税额', '机场建设费', '乘机人', '发票号码']
[16:58:33] T22052 使用 8 个区域：['电子客票号', '总计金额', '票价', '燃油附加费', '增值税额', '机场建设费', '乘机人', '发票号码']
[16:58:33] T22052 _run 进入：path=(bytes/base64)
[16:58:33] T22052 图片尺寸：1861x1080，区域识别=开
[16:58:33] T22052 已存在区域文件，直接复用 8 个区域：['电子客票号', '总计金额', '票价', '燃油附加费', '增值税额', '机场建设费', '乘机人', '发票号码']
[16:58:33] T22052 使用 8 个区域：['电子客票号', '总计金额', '票价', '燃油附加费', '增值税额', '机场建设费', '乘机人', '发票号码']
[16:58:33] T22052 _run 进入：path=(bytes/base64)
[16:58:34] T22052 图片尺寸：1861x1080，区域识别=开
[16:58:34] T22052 已存在区域文件，直接复用 8 个区域：['电子客票号', '总计金额', '票价', '燃油附加费', '增值税额', '机场建设费', '乘机人', '发票号码']
[16:58:34] T22052 使用 8 个区域：['电子客票号', '总计金额', '票价', '燃油附加费', '增值税额', '机场建设费', '乘机人', '发票号码']
[16:58:34] T22052 _run 进入：path=(bytes/base64)
[16:58:34] T22052 图片尺寸：1861x1080，区域识别=开
[16:58:34] T22052 已存在区域文件，直接复用 8 个区域：['电子客票号', '总计金额', '票价', '燃油附加费', '增值税额', '机场建设费', '乘机人', '发票号码']
[16:58:34] T22052 使用 8 个区域：['电子客票号', '总计金额', '票价', '燃油附加费', '增值税额', '机场建设费', '乘机人', '发票号码']
[16:58:34] T22052 _run 进入：path=(bytes/base64)
[16:58:34] T22052 图片尺寸：1861x1080，区域识别=开
[16:58:34] T22052 已存在区域文件，直接复用 8 个区域：['电子客票号', '总计金额', '票价', '燃油附加费', '增值税额', '机场建设费', '乘机人', '发票号码']
[16:58:34] T22052 使用 8 个区域：['电子客票号', '总计金额', '票价', '燃油附加费', '增值税额', '机场建设费', '乘机人', '发票号码']
[16:58:35] T22052 _run 进入：path=(bytes/base64)
[16:58:35] T22052 图片尺寸：1861x1080，区域识别=开
[16:58:35] T22052 已存在区域文件，直接复用 8 个区域：['电子客票号', '总计金额', '票价', '燃油附加费', '增值税额', '机场建设费', '乘机人', '发票号码']
[16:58:35] T22052 使用 8 个区域：['电子客票号', '总计金额', '票价', '燃油附加费', '增值税额', '机场建设费', '乘机人', '发票号码']
[16:58:35] T22052 _run 进入：path=(bytes/base64)
[16:58:35] T22052 图片尺寸：1861x1080，区域识别=开
[16:58:35] T22052 已存在区域文件，直接复用 8 个区域：['电子客票号', '总计金额', '票价', '燃油附加费', '增值税额', '机场建设费', '乘机人', '发票号码']
[16:58:35] T22052 使用 8 个区域：['电子客票号', '总计金额', '票价', '燃油附加费', '增值税额', '机场建设费', '乘机人', '发票号码']
[16:58:35] T22052 _run 进入：path=(bytes/base64)
[16:58:35] T22052 图片尺寸：1861x1080，区域识别=开
[16:58:35] T22052 已存在区域文件，直接复用 8 个区域：['电子客票号', '总计金额', '票价', '燃油附加费', '增值税额', '机场建设费', '乘机人', '发票号码']
[16:58:35] T22052 使用 8 个区域：['电子客票号', '总计金额', '票价', '燃油附加费', '增值税额', '机场建设费', '乘机人', '发票号码']
[16:58:36] T22052 _run 进入：path=(bytes/base64)
[16:58:36] T22052 图片尺寸：1861x1080，区域识别=开
[16:58:36] T22052 已存在区域文件，直接复用 8 个区域：['电子客票号', '总计金额', '票价', '燃油附加费', '增值税额', '机场建设费', '乘机人', '发票号码']
[16:58:36] T22052 使用 8 个区域：['电子客票号', '总计金额', '票价', '燃油附加费', '增值税额', '机场建设费', '乘机人', '发票号码']
[16:58:36] T22052 _run 进入：path=(bytes/base64)
[16:58:36] T22052 图片尺寸：1861x1080，区域识别=开
[16:58:36] T22052 已存在区域文件，直接复用 8 个区域：['电子客票号', '总计金额', '票价', '燃油附加费', '增值税额', '机场建设费', '乘机人', '发票号码']
[16:58:36] T22052 使用 8 个区域：['电子客票号', '总计金额', '票价', '燃油附加费', '增值税额', '机场建设费', '乘机人', '发票号码']
[16:58:36] T22052 _run 进入：path=(bytes/base64)
[16:58:36] T22052 图片尺寸：1080x1398，区域识别=开
[16:58:36] T22052 已存在区域文件，直接复用 8 个区域：['电子客票号', '总计金额', '票价', '燃油附加费', '增值税额', '机场建设费', '乘机人', '发票号码']
[16:58:36] T22052 使用 8 个区域：['电子客票号', '总计金额', '票价', '燃油附加费', '增值税额', '机场建设费', '乘机人', '发票号码']
[16:58:37] T22052 _run 进入：path=(bytes/base64)
[16:58:37] T22052 图片尺寸：1080x1398，区域识别=开
[16:58:37] T22052 已存在区域文件，直接复用 8 个区域：['电子客票号', '总计金额', '票价', '燃油附加费', '增值税额', '机场建设费', '乘机人', '发票号码']
[16:58:37] T22052 使用 8 个区域：['电子客票号', '总计金额', '票价', '燃油附加费', '增值税额', '机场建设费', '乘机人', '发票号码']
[16:58:37] T22052 _run 进入：path=(bytes/base64)
[16:58:37] T22052 图片尺寸：1080x1398，区域识别=开
[16:58:37] T22052 已存在区域文件，直接复用 8 个区域：['电子客票号', '总计金额', '票价', '燃油附加费', '增值税额', '机场建设费', '乘机人', '发票号码']
[16:58:37] T22052 使用 8 个区域：['电子客票号', '总计金额', '票价', '燃油附加费', '增值税额', '机场建设费', '乘机人', '发票号码']
[16:58:38] T22052 _run 进入：path=(bytes/base64)
[16:58:38] T22052 图片尺寸：1080x1398，区域识别=开
[16:58:38] T22052 已存在区域文件，直接复用 8 个区域：['电子客票号', '总计金额', '票价', '燃油附加费', '增值税额', '机场建设费', '乘机人', '发票号码']
[16:58:38] T22052 使用 8 个区域：['电子客票号', '总计金额', '票价', '燃油附加费', '增值税额', '机场建设费', '乘机人', '发票号码']
[16:58:38] T22052 _run 进入：path=(bytes/base64)
[16:58:38] T22052 图片尺寸：1080x1398，区域识别=开
[16:58:38] T22052 已存在区域文件，直接复用 8 个区域：['电子客票号', '总计金额', '票价', '燃油附加费', '增值税额', '机场建设费', '乘机人', '发票号码']
[16:58:38] T22052 使用 8 个区域：['电子客票号', '总计金额', '票价', '燃油附加费', '增值税额', '机场建设费', '乘机人', '发票号码']
[16:58:38] T22052 _run 进入：path=(bytes/base64)
[16:58:38] T22052 图片尺寸：1080x1398，区域识别=开
[16:58:38] T22052 已存在区域文件，直接复用 8 个区域：['电子客票号', '总计金额', '票价', '燃油附加费', '增值税额', '机场建设费', '乘机人', '发票号码']
[16:58:38] T22052 使用 8 个区域：['电子客票号', '总计金额', '票价', '燃油附加费', '增值税额', '机场建设费', '乘机人', '发票号码']
[16:58:39] T22052 _run 进入：path=(bytes/base64)
[16:58:39] T22052 图片尺寸：1080x1398，区域识别=开
[16:58:39] T22052 已存在区域文件，直接复用 8 个区域：['电子客票号', '总计金额', '票价', '燃油附加费', '增值税额', '机场建设费', '乘机人', '发票号码']
[16:58:39] T22052 使用 8 个区域：['电子客票号', '总计金额', '票价', '燃油附加费', '增值税额', '机场建设费', '乘机人', '发票号码']
[16:58:39] T22052 _run 进入：path=(bytes/base64)
[16:58:39] T22052 图片尺寸：1080x1398，区域识别=开
[16:58:39] T22052 已存在区域文件，直接复用 8 个区域：['电子客票号', '总计金额', '票价', '燃油附加费', '增值税额', '机场建设费', '乘机人', '发票号码']
[16:58:39] T22052 使用 8 个区域：['电子客票号', '总计金额', '票价', '燃油附加费', '增值税额', '机场建设费', '乘机人', '发票号码']
[16:58:39] T22052 _run 进入：path=(bytes/base64)
[16:58:39] T22052 图片尺寸：1080x1398，区域识别=开
[16:58:39] T22052 已存在区域文件，直接复用 8 个区域：['电子客票号', '总计金额', '票价', '燃油附加费', '增值税额', '机场建设费', '乘机人', '发票号码']
[16:58:39] T22052 使用 8 个区域：['电子客票号', '总计金额', '票价', '燃油附加费', '增值税额', '机场建设费', '乘机人', '发票号码']
[16:58:40] T22052 _run 进入：path=(bytes/base64)
[16:58:40] T22052 图片尺寸：1080x1398，区域识别=开
[16:58:40] T22052 已存在区域文件，直接复用 8 个区域：['电子客票号', '总计金额', '票价', '燃油附加费', '增值税额', '机场建设费', '乘机人', '发票号码']
[16:58:40] T22052 使用 8 个区域：['电子客票号', '总计金额', '票价', '燃油附加费', '增值税额', '机场建设费', '乘机人', '发票号码']
[16:58:40] T22052 _run 进入：path=(bytes/base64)
[16:58:40] T22052 图片尺寸：1080x1398，区域识别=开
[16:58:40] T22052 已存在区域文件，直接复用 8 个区域：['电子客票号', '总计金额', '票价', '燃油附加费', '增值税额', '机场建设费', '乘机人', '发票号码']
[16:58:40] T22052 使用 8 个区域：['电子客票号', '总计金额', '票价', '燃油附加费', '增值税额', '机场建设费', '乘机人', '发票号码']
[16:58:40] T22052 _run 进入：path=(bytes/base64)
[16:58:40] T22052 图片尺寸：1861x1080，区域识别=开
[16:58:40] T22052 已存在区域文件，直接复用 8 个区域：['电子客票号', '总计金额', '票价', '燃油附加费', '增值税额', '机场建设费', '乘机人', '发票号码']
[16:58:40] T22052 使用 8 个区域：['电子客票号', '总计金额', '票价', '燃油附加费', '增值税额', '机场建设费', '乘机人', '发票号码']
[16:58:41] T22052 _run 进入：path=(bytes/base64)
[16:58:41] T22052 图片尺寸：1861x1080，区域识别=开
[16:58:41] T22052 已存在区域文件，直接复用 8 个区域：['电子客票号', '总计金额', '票价', '燃油附加费', '增值税额', '机场建设费', '乘机人', '发票号码']
[16:58:41] T22052 使用 8 个区域：['电子客票号', '总计金额', '票价', '燃油附加费', '增值税额', '机场建设费', '乘机人', '发票号码']
[16:58:41] T22052 _run 进入：path=(bytes/base64)
[16:58:41] T22052 图片尺寸：1861x1080，区域识别=开
[16:58:41] T22052 已存在区域文件，直接复用 8 个区域：['电子客票号', '总计金额', '票价', '燃油附加费', '增值税额', '机场建设费', '乘机人', '发票号码']
[16:58:41] T22052 使用 8 个区域：['电子客票号', '总计金额', '票价', '燃油附加费', '增值税额', '机场建设费', '乘机人', '发票号码']
[16:58:41] T22052 _run 进入：path=(bytes/base64)
[16:58:41] T22052 图片尺寸：1861x1080，区域识别=开
[16:58:41] T22052 已存在区域文件，直接复用 8 个区域：['电子客票号', '总计金额', '票价', '燃油附加费', '增值税额', '机场建设费', '乘机人', '发票号码']
[16:58:41] T22052 使用 8 个区域：['电子客票号', '总计金额', '票价', '燃油附加费', '增值税额', '机场建设费', '乘机人', '发票号码']
[16:58:41] T22052 _run 进入：path=(bytes/base64)
[16:58:41] T22052 图片尺寸：1861x1080，区域识别=开
[16:58:41] T22052 已存在区域文件，直接复用 8 个区域：['电子客票号', '总计金额', '票价', '燃油附加费', '增值税额', '机场建设费', '乘机人', '发票号码']
[16:58:41] T22052 使用 8 个区域：['电子客票号', '总计金额', '票价', '燃油附加费', '增值税额', '机场建设费', '乘机人', '发票号码']
[16:58:42] T22052 _run 进入：path=(bytes/base64)
[16:58:42] T22052 图片尺寸：1861x1080，区域识别=开
[16:58:42] T22052 已存在区域文件，直接复用 8 个区域：['电子客票号', '总计金额', '票价', '燃油附加费', '增值税额', '机场建设费', '乘机人', '发票号码']
[16:58:42] T22052 使用 8 个区域：['电子客票号', '总计金额', '票价', '燃油附加费', '增值税额', '机场建设费', '乘机人', '发票号码']
[16:59:50] T32108 Api 初始化完成，引擎路径：D:\umiOcr\Umi-OCR_Paddle_v2.1.5\UmiOCR-data\plugins\roi_PaddleOCR-json\PaddleOCR-json.exe
[16:59:53] T22796 启动引擎中... 参数：{'enable_mkldnn': True, 'cpu_threads': 8, 'config_path': 'models/config_chinese.txt', 'cls': True, 'limit_side_len': 960}
[16:59:54] T22796 引擎启动完成
[16:59:54] T22796 _run 进入：path=(bytes/base64)
[16:59:54] T22796 图片尺寸：1861x1080，区域识别=开
[16:59:54] T22796 重新框选区域：本次运行仅弹窗一次
[16:59:54] T22796 准备弹出框选窗口...
[16:59:54] T22796 selectRegionsInteractive: 当前线程是否主线程=False
[16:59:54] T22796 已投递弹窗任务到主线程，等待用户框选...
[16:59:54] T32108 主线程：创建 QML 框选窗口
[16:59:54] T32108 QML 窗口已显示
[17:00:35] T32108 QML 提交区域：2 个
[17:00:35] T32108 关闭窗口异常：Internal C++ object (PySide2.QtQuick.QQuickWindow) already deleted.
[17:00:35] T22796 框选窗口已关闭，继续处理
[17:00:35] T22796 框选窗口返回：2 个区域
[17:00:35] T22796 区域已保存到 D:\umiOcr\Umi-OCR_Paddle_v2.1.5\UmiOCR-data\plugins\roi_PaddleOCR-json\regions.json
[17:00:35] T22796 使用 2 个区域：['电子客票号', '增值税额']
[17:00:35] T22796 _run 进入：path=(bytes/base64)
[17:00:35] T22796 图片尺寸：1861x1080，区域识别=开
[17:00:35] T22796 已存在区域文件，直接复用 2 个区域：['电子客票号', '增值税额']
[17:00:35] T22796 使用 2 个区域：['电子客票号', '增值税额']
[17:00:35] T22796 _run 进入：path=(bytes/base64)
[17:00:35] T22796 图片尺寸：1861x1080，区域识别=开
[17:00:35] T22796 已存在区域文件，直接复用 2 个区域：['电子客票号', '增值税额']
[17:00:35] T22796 使用 2 个区域：['电子客票号', '增值税额']
[17:00:35] T22796 _run 进入：path=(bytes/base64)
[17:00:35] T22796 图片尺寸：1861x1080，区域识别=开
[17:00:35] T22796 已存在区域文件，直接复用 2 个区域：['电子客票号', '增值税额']
[17:00:35] T22796 使用 2 个区域：['电子客票号', '增值税额']
[17:00:35] T22796 _run 进入：path=(bytes/base64)
[17:00:36] T22796 图片尺寸：1861x1080，区域识别=开
[17:00:36] T22796 已存在区域文件，直接复用 2 个区域：['电子客票号', '增值税额']
[17:00:36] T22796 使用 2 个区域：['电子客票号', '增值税额']
[17:00:36] T22796 _run 进入：path=(bytes/base64)
[17:00:36] T22796 图片尺寸：1861x1080，区域识别=开
[17:00:36] T22796 已存在区域文件，直接复用 2 个区域：['电子客票号', '增值税额']
[17:00:36] T22796 使用 2 个区域：['电子客票号', '增值税额']
[17:00:36] T22796 _run 进入：path=(bytes/base64)
[17:00:36] T22796 图片尺寸：1861x1080，区域识别=开
[17:00:36] T22796 已存在区域文件，直接复用 2 个区域：['电子客票号', '增值税额']
[17:00:36] T22796 使用 2 个区域：['电子客票号', '增值税额']
[17:00:36] T22796 _run 进入：path=(bytes/base64)
[17:00:36] T22796 图片尺寸：1861x1080，区域识别=开
[17:00:36] T22796 已存在区域文件，直接复用 2 个区域：['电子客票号', '增值税额']
[17:00:36] T22796 使用 2 个区域：['电子客票号', '增值税额']
[17:00:36] T22796 _run 进入：path=(bytes/base64)
[17:00:36] T22796 图片尺寸：1861x1080，区域识别=开
[17:00:36] T22796 已存在区域文件，直接复用 2 个区域：['电子客票号', '增值税额']
[17:00:36] T22796 使用 2 个区域：['电子客票号', '增值税额']
[17:00:36] T22796 _run 进入：path=(bytes/base64)
[17:00:36] T22796 图片尺寸：1861x1080，区域识别=开
[17:00:36] T22796 已存在区域文件，直接复用 2 个区域：['电子客票号', '增值税额']
[17:00:36] T22796 使用 2 个区域：['电子客票号', '增值税额']
[17:00:36] T22796 _run 进入：path=(bytes/base64)
[17:00:36] T22796 图片尺寸：1861x1080，区域识别=开
[17:00:36] T22796 已存在区域文件，直接复用 2 个区域：['电子客票号', '增值税额']
[17:00:36] T22796 使用 2 个区域：['电子客票号', '增值税额']
[17:00:37] T22796 _run 进入：path=(bytes/base64)
[17:00:37] T22796 图片尺寸：1861x1080，区域识别=开
[17:00:37] T22796 已存在区域文件，直接复用 2 个区域：['电子客票号', '增值税额']
[17:00:37] T22796 使用 2 个区域：['电子客票号', '增值税额']
[17:00:37] T22796 _run 进入：path=(bytes/base64)
[17:00:37] T22796 图片尺寸：1861x1080，区域识别=开
[17:00:37] T22796 已存在区域文件，直接复用 2 个区域：['电子客票号', '增值税额']
[17:00:37] T22796 使用 2 个区域：['电子客票号', '增值税额']
[17:00:37] T22796 _run 进入：path=(bytes/base64)
[17:00:37] T22796 图片尺寸：1861x1080，区域识别=开
[17:00:37] T22796 已存在区域文件，直接复用 2 个区域：['电子客票号', '增值税额']
[17:00:37] T22796 使用 2 个区域：['电子客票号', '增值税额']
[17:00:37] T22796 _run 进入：path=(bytes/base64)
[17:00:37] T22796 图片尺寸：1861x1080，区域识别=开
[17:00:37] T22796 已存在区域文件，直接复用 2 个区域：['电子客票号', '增值税额']
[17:00:37] T22796 使用 2 个区域：['电子客票号', '增值税额']
[17:00:37] T22796 _run 进入：path=(bytes/base64)
[17:00:37] T22796 图片尺寸：1861x1080，区域识别=开
[17:00:37] T22796 已存在区域文件，直接复用 2 个区域：['电子客票号', '增值税额']
[17:00:37] T22796 使用 2 个区域：['电子客票号', '增值税额']
[17:00:37] T22796 _run 进入：path=(bytes/base64)
[17:00:37] T22796 图片尺寸：1861x1080，区域识别=开
[17:00:37] T22796 已存在区域文件，直接复用 2 个区域：['电子客票号', '增值税额']
[17:00:37] T22796 使用 2 个区域：['电子客票号', '增值税额']
[17:00:37] T22796 _run 进入：path=(bytes/base64)
[17:00:37] T22796 图片尺寸：1861x1080，区域识别=开
[17:00:37] T22796 已存在区域文件，直接复用 2 个区域：['电子客票号', '增值税额']
[17:00:37] T22796 使用 2 个区域：['电子客票号', '增值税额']
[17:00:38] T22796 _run 进入：path=(bytes/base64)
[17:00:38] T22796 图片尺寸：1861x1080，区域识别=开
[17:00:38] T22796 已存在区域文件，直接复用 2 个区域：['电子客票号', '增值税额']
[17:00:38] T22796 使用 2 个区域：['电子客票号', '增值税额']
[17:00:38] T22796 _run 进入：path=(bytes/base64)
[17:00:38] T22796 图片尺寸：1861x1080，区域识别=开
[17:00:38] T22796 已存在区域文件，直接复用 2 个区域：['电子客票号', '增值税额']
[17:00:38] T22796 使用 2 个区域：['电子客票号', '增值税额']
[17:00:38] T22796 _run 进入：path=(bytes/base64)
[17:00:38] T22796 图片尺寸：1861x1080，区域识别=开
[17:00:38] T22796 已存在区域文件，直接复用 2 个区域：['电子客票号', '增值税额']
[17:00:38] T22796 使用 2 个区域：['电子客票号', '增值税额']
[17:00:38] T22796 _run 进入：path=(bytes/base64)
[17:00:38] T22796 图片尺寸：1861x1080，区域识别=开
[17:00:38] T22796 已存在区域文件，直接复用 2 个区域：['电子客票号', '增值税额']
[17:00:38] T22796 使用 2 个区域：['电子客票号', '增值税额']
[17:00:39] T22796 _run 进入：path=(bytes/base64)
[17:00:39] T22796 图片尺寸：1861x1080，区域识别=开
[17:00:39] T22796 已存在区域文件，直接复用 2 个区域：['电子客票号', '增值税额']
[17:00:39] T22796 使用 2 个区域：['电子客票号', '增值税额']
[17:00:39] T22796 _run 进入：path=(bytes/base64)
[17:00:39] T22796 图片尺寸：1861x1080，区域识别=开
[17:00:39] T22796 已存在区域文件，直接复用 2 个区域：['电子客票号', '增值税额']
[17:00:39] T22796 使用 2 个区域：['电子客票号', '增值税额']
[17:00:39] T22796 _run 进入：path=(bytes/base64)
[17:00:39] T22796 图片尺寸：1861x1080，区域识别=开
[17:00:39] T22796 已存在区域文件，直接复用 2 个区域：['电子客票号', '增值税额']
[17:00:39] T22796 使用 2 个区域：['电子客票号', '增值税额']
[17:00:39] T22796 _run 进入：path=(bytes/base64)
[17:00:39] T22796 图片尺寸：1861x1080，区域识别=开
[17:00:39] T22796 已存在区域文件，直接复用 2 个区域：['电子客票号', '增值税额']
[17:00:39] T22796 使用 2 个区域：['电子客票号', '增值税额']
[17:00:39] T22796 _run 进入：path=(bytes/base64)
[17:00:39] T22796 图片尺寸：1861x1080，区域识别=开
[17:00:39] T22796 已存在区域文件，直接复用 2 个区域：['电子客票号', '增值税额']
[17:00:39] T22796 使用 2 个区域：['电子客票号', '增值税额']
[17:00:39] T22796 _run 进入：path=(bytes/base64)
[17:00:39] T22796 图片尺寸：1861x1080，区域识别=开
[17:00:39] T22796 已存在区域文件，直接复用 2 个区域：['电子客票号', '增值税额']
[17:00:39] T22796 使用 2 个区域：['电子客票号', '增值税额']
[17:00:39] T22796 _run 进入：path=(bytes/base64)
[17:00:39] T22796 图片尺寸：1861x1080，区域识别=开
[17:00:39] T22796 已存在区域文件，直接复用 2 个区域：['电子客票号', '增值税额']
[17:00:39] T22796 使用 2 个区域：['电子客票号', '增值税额']
[17:00:39] T22796 _run 进入：path=(bytes/base64)
[17:00:39] T22796 图片尺寸：1861x1080，区域识别=开
[17:00:39] T22796 已存在区域文件，直接复用 2 个区域：['电子客票号', '增值税额']
[17:00:39] T22796 使用 2 个区域：['电子客票号', '增值税额']
[17:00:40] T22796 _run 进入：path=(bytes/base64)
[17:00:40] T22796 图片尺寸：1861x1080，区域识别=开
[17:00:40] T22796 已存在区域文件，直接复用 2 个区域：['电子客票号', '增值税额']
[17:00:40] T22796 使用 2 个区域：['电子客票号', '增值税额']
[17:00:40] T22796 _run 进入：path=(bytes/base64)
[17:00:40] T22796 图片尺寸：1861x1080，区域识别=开
[17:00:40] T22796 已存在区域文件，直接复用 2 个区域：['电子客票号', '增值税额']
[17:00:40] T22796 使用 2 个区域：['电子客票号', '增值税额']
[17:00:40] T22796 _run 进入：path=(bytes/base64)
[17:00:40] T22796 图片尺寸：1861x1080，区域识别=开
[17:00:40] T22796 已存在区域文件，直接复用 2 个区域：['电子客票号', '增值税额']
[17:00:40] T22796 使用 2 个区域：['电子客票号', '增值税额']
[17:00:40] T22796 _run 进入：path=(bytes/base64)
[17:00:40] T22796 图片尺寸：1861x1080，区域识别=开
[17:00:40] T22796 已存在区域文件，直接复用 2 个区域：['电子客票号', '增值税额']
[17:00:40] T22796 使用 2 个区域：['电子客票号', '增值税额']
[17:00:40] T22796 _run 进入：path=(bytes/base64)
[17:00:40] T22796 图片尺寸：1861x1080，区域识别=开
[17:00:40] T22796 已存在区域文件，直接复用 2 个区域：['电子客票号', '增值税额']
[17:00:40] T22796 使用 2 个区域：['电子客票号', '增值税额']
[17:00:40] T22796 _run 进入：path=(bytes/base64)
[17:00:40] T22796 图片尺寸：1861x1080，区域识别=开
[17:00:40] T22796 已存在区域文件，直接复用 2 个区域：['电子客票号', '增值税额']
[17:00:40] T22796 使用 2 个区域：['电子客票号', '增值税额']
[17:00:40] T22796 _run 进入：path=(bytes/base64)
[17:00:40] T22796 图片尺寸：1861x1080，区域识别=开
[17:00:40] T22796 已存在区域文件，直接复用 2 个区域：['电子客票号', '增值税额']
[17:00:40] T22796 使用 2 个区域：['电子客票号', '增值税额']
[17:00:41] T22796 _run 进入：path=(bytes/base64)
[17:00:41] T22796 图片尺寸：1861x1080，区域识别=开
[17:00:41] T22796 已存在区域文件，直接复用 2 个区域：['电子客票号', '增值税额']
[17:00:41] T22796 使用 2 个区域：['电子客票号', '增值税额']
[17:00:41] T22796 _run 进入：path=(bytes/base64)
[17:00:41] T22796 图片尺寸：1861x1080，区域识别=开
[17:00:41] T22796 已存在区域文件，直接复用 2 个区域：['电子客票号', '增值税额']
[17:00:41] T22796 使用 2 个区域：['电子客票号', '增值税额']
[17:00:41] T22796 _run 进入：path=(bytes/base64)
[17:00:41] T22796 图片尺寸：1861x1080，区域识别=开
[17:00:41] T22796 已存在区域文件，直接复用 2 个区域：['电子客票号', '增值税额']
[17:00:41] T22796 使用 2 个区域：['电子客票号', '增值税额']
[17:00:41] T22796 _run 进入：path=(bytes/base64)
[17:00:41] T22796 图片尺寸：1861x1080，区域识别=开
[17:00:41] T22796 已存在区域文件，直接复用 2 个区域：['电子客票号', '增值税额']
[17:00:41] T22796 使用 2 个区域：['电子客票号', '增值税额']
[17:00:41] T22796 _run 进入：path=(bytes/base64)
[17:00:41] T22796 图片尺寸：1861x1080，区域识别=开
[17:00:41] T22796 已存在区域文件，直接复用 2 个区域：['电子客票号', '增值税额']
[17:00:41] T22796 使用 2 个区域：['电子客票号', '增值税额']
[17:00:41] T22796 _run 进入：path=(bytes/base64)
[17:00:41] T22796 图片尺寸：1861x1080，区域识别=开
[17:00:41] T22796 已存在区域文件，直接复用 2 个区域：['电子客票号', '增值税额']
[17:00:41] T22796 使用 2 个区域：['电子客票号', '增值税额']
[17:00:41] T22796 _run 进入：path=(bytes/base64)
[17:00:41] T22796 图片尺寸：1861x1080，区域识别=开
[17:00:41] T22796 已存在区域文件，直接复用 2 个区域：['电子客票号', '增值税额']
[17:00:41] T22796 使用 2 个区域：['电子客票号', '增值税额']
[17:00:42] T22796 _run 进入：path=(bytes/base64)
[17:00:42] T22796 图片尺寸：1861x1080，区域识别=开
[17:00:42] T22796 已存在区域文件，直接复用 2 个区域：['电子客票号', '增值税额']
[17:00:42] T22796 使用 2 个区域：['电子客票号', '增值税额']
[17:00:42] T22796 _run 进入：path=(bytes/base64)
[17:00:42] T22796 图片尺寸：1861x1080，区域识别=开
[17:00:42] T22796 已存在区域文件，直接复用 2 个区域：['电子客票号', '增值税额']
[17:00:42] T22796 使用 2 个区域：['电子客票号', '增值税额']
[17:00:42] T22796 _run 进入：path=(bytes/base64)
[17:00:42] T22796 图片尺寸：1861x1080，区域识别=开
[17:00:42] T22796 已存在区域文件，直接复用 2 个区域：['电子客票号', '增值税额']
[17:00:42] T22796 使用 2 个区域：['电子客票号', '增值税额']
[17:00:42] T22796 _run 进入：path=(bytes/base64)
[17:00:42] T22796 图片尺寸：1861x1080，区域识别=开
[17:00:42] T22796 已存在区域文件，直接复用 2 个区域：['电子客票号', '增值税额']
[17:00:42] T22796 使用 2 个区域：['电子客票号', '增值税额']
[17:00:42] T22796 _run 进入：path=(bytes/base64)
[17:00:42] T22796 图片尺寸：1861x1080，区域识别=开
[17:00:42] T22796 已存在区域文件，直接复用 2 个区域：['电子客票号', '增值税额']
[17:00:42] T22796 使用 2 个区域：['电子客票号', '增值税额']
[17:00:42] T22796 _run 进入：path=(bytes/base64)
[17:00:42] T22796 图片尺寸：1861x1080，区域识别=开
[17:00:42] T22796 已存在区域文件，直接复用 2 个区域：['电子客票号', '增值税额']
[17:00:42] T22796 使用 2 个区域：['电子客票号', '增值税额']
[17:00:42] T22796 _run 进入：path=(bytes/base64)
[17:00:42] T22796 图片尺寸：1861x1080，区域识别=开
[17:00:42] T22796 已存在区域文件，直接复用 2 个区域：['电子客票号', '增值税额']
[17:00:42] T22796 使用 2 个区域：['电子客票号', '增值税额']
[17:00:43] T22796 _run 进入：path=(bytes/base64)
[17:00:43] T22796 图片尺寸：1861x1080，区域识别=开
[17:00:43] T22796 已存在区域文件，直接复用 2 个区域：['电子客票号', '增值税额']
[17:00:43] T22796 使用 2 个区域：['电子客票号', '增值税额']
[17:00:43] T22796 _run 进入：path=(bytes/base64)
[17:00:43] T22796 图片尺寸：1080x1398，区域识别=开
[17:00:43] T22796 已存在区域文件，直接复用 2 个区域：['电子客票号', '增值税额']
[17:00:43] T22796 使用 2 个区域：['电子客票号', '增值税额']
[17:00:43] T22796 _run 进入：path=(bytes/base64)
[17:00:43] T22796 图片尺寸：1080x1398，区域识别=开
[17:00:43] T22796 已存在区域文件，直接复用 2 个区域：['电子客票号', '增值税额']
[17:00:43] T22796 使用 2 个区域：['电子客票号', '增值税额']
[17:00:43] T22796 _run 进入：path=(bytes/base64)
[17:00:43] T22796 图片尺寸：1080x1398，区域识别=开
[17:00:43] T22796 已存在区域文件，直接复用 2 个区域：['电子客票号', '增值税额']
[17:00:43] T22796 使用 2 个区域：['电子客票号', '增值税额']
[17:00:44] T22796 _run 进入：path=(bytes/base64)
[17:00:44] T22796 图片尺寸：1080x1398，区域识别=开
[17:00:44] T22796 已存在区域文件，直接复用 2 个区域：['电子客票号', '增值税额']
[17:00:44] T22796 使用 2 个区域：['电子客票号', '增值税额']
[17:00:44] T22796 _run 进入：path=(bytes/base64)
[17:00:44] T22796 图片尺寸：1080x1398，区域识别=开
[17:00:44] T22796 已存在区域文件，直接复用 2 个区域：['电子客票号', '增值税额']
[17:00:44] T22796 使用 2 个区域：['电子客票号', '增值税额']
[17:00:44] T22796 _run 进入：path=(bytes/base64)
[17:00:44] T22796 图片尺寸：1080x1398，区域识别=开
[17:00:44] T22796 已存在区域文件，直接复用 2 个区域：['电子客票号', '增值税额']
[17:00:44] T22796 使用 2 个区域：['电子客票号', '增值税额']
[17:00:44] T22796 _run 进入：path=(bytes/base64)
[17:00:44] T22796 图片尺寸：1080x1398，区域识别=开
[17:00:44] T22796 已存在区域文件，直接复用 2 个区域：['电子客票号', '增值税额']
[17:00:44] T22796 使用 2 个区域：['电子客票号', '增值税额']
[17:00:45] T22796 _run 进入：path=(bytes/base64)
[17:00:45] T22796 图片尺寸：1080x1398，区域识别=开
[17:00:45] T22796 已存在区域文件，直接复用 2 个区域：['电子客票号', '增值税额']
[17:00:45] T22796 使用 2 个区域：['电子客票号', '增值税额']
[17:00:45] T22796 _run 进入：path=(bytes/base64)
[17:00:45] T22796 图片尺寸：1080x1398，区域识别=开
[17:00:45] T22796 已存在区域文件，直接复用 2 个区域：['电子客票号', '增值税额']
[17:00:45] T22796 使用 2 个区域：['电子客票号', '增值税额']
[17:00:45] T22796 _run 进入：path=(bytes/base64)
[17:00:45] T22796 图片尺寸：1080x1398，区域识别=开
[17:00:45] T22796 已存在区域文件，直接复用 2 个区域：['电子客票号', '增值税额']
[17:00:45] T22796 使用 2 个区域：['电子客票号', '增值税额']
[17:00:45] T22796 _run 进入：path=(bytes/base64)
[17:00:46] T22796 图片尺寸：1080x1398，区域识别=开
[17:00:46] T22796 已存在区域文件，直接复用 2 个区域：['电子客票号', '增值税额']
[17:00:46] T22796 使用 2 个区域：['电子客票号', '增值税额']
[17:00:46] T22796 _run 进入：path=(bytes/base64)
[17:00:46] T22796 图片尺寸：1861x1080，区域识别=开
[17:00:46] T22796 已存在区域文件，直接复用 2 个区域：['电子客票号', '增值税额']
[17:00:46] T22796 使用 2 个区域：['电子客票号', '增值税额']
[17:00:46] T22796 _run 进入：path=(bytes/base64)
[17:00:46] T22796 图片尺寸：1861x1080，区域识别=开
[17:00:46] T22796 已存在区域文件，直接复用 2 个区域：['电子客票号', '增值税额']
[17:00:46] T22796 使用 2 个区域：['电子客票号', '增值税额']
[17:00:46] T22796 _run 进入：path=(bytes/base64)
[17:00:46] T22796 图片尺寸：1861x1080，区域识别=开
[17:00:46] T22796 已存在区域文件，直接复用 2 个区域：['电子客票号', '增值税额']
[17:00:46] T22796 使用 2 个区域：['电子客票号', '增值税额']
[17:00:46] T22796 _run 进入：path=(bytes/base64)
[17:00:46] T22796 图片尺寸：1861x1080，区域识别=开
[17:00:46] T22796 已存在区域文件，直接复用 2 个区域：['电子客票号', '增值税额']
[17:00:46] T22796 使用 2 个区域：['电子客票号', '增值税额']
[17:00:46] T22796 _run 进入：path=(bytes/base64)
[17:00:46] T22796 图片尺寸：1861x1080，区域识别=开
[17:00:46] T22796 已存在区域文件，直接复用 2 个区域：['电子客票号', '增值税额']
[17:00:46] T22796 使用 2 个区域：['电子客票号', '增值税额']
[17:00:46] T22796 _run 进入：path=(bytes/base64)
[17:00:46] T22796 图片尺寸：1861x1080，区域识别=开
[17:00:46] T22796 已存在区域文件，直接复用 2 个区域：['电子客票号', '增值税额']
[17:00:46] T22796 使用 2 个区域：['电子客票号', '增值税额']
[17:01:26] T4784 _run 进入：path=(bytes/base64)
[17:01:26] T4784 图片尺寸：1861x1080，区域识别=开
[17:01:26] T4784 已存在区域文件，直接复用 2 个区域：['电子客票号', '增值税额']
[17:01:26] T4784 使用 2 个区域：['电子客票号', '增值税额']
[17:01:26] T4784 _run 进入：path=(bytes/base64)
[17:01:26] T4784 图片尺寸：1861x1080，区域识别=开
[17:01:26] T4784 已存在区域文件，直接复用 2 个区域：['电子客票号', '增值税额']
[17:01:26] T4784 使用 2 个区域：['电子客票号', '增值税额']
[17:01:26] T4784 _run 进入：path=(bytes/base64)
[17:01:26] T4784 图片尺寸：1861x1080，区域识别=开
[17:01:26] T4784 已存在区域文件，直接复用 2 个区域：['电子客票号', '增值税额']
[17:01:26] T4784 使用 2 个区域：['电子客票号', '增值税额']
[17:01:26] T4784 _run 进入：path=(bytes/base64)
[17:01:26] T4784 图片尺寸：1861x1080，区域识别=开
[17:01:26] T4784 已存在区域文件，直接复用 2 个区域：['电子客票号', '增值税额']
[17:01:26] T4784 使用 2 个区域：['电子客票号', '增值税额']
[17:01:27] T4784 _run 进入：path=(bytes/base64)
[17:01:27] T4784 图片尺寸：1861x1080，区域识别=开
[17:01:27] T4784 已存在区域文件，直接复用 2 个区域：['电子客票号', '增值税额']
[17:01:27] T4784 使用 2 个区域：['电子客票号', '增值税额']
[17:01:27] T4784 _run 进入：path=(bytes/base64)
[17:01:27] T4784 图片尺寸：1861x1080，区域识别=开
[17:01:27] T4784 已存在区域文件，直接复用 2 个区域：['电子客票号', '增值税额']
[17:01:27] T4784 使用 2 个区域：['电子客票号', '增值税额']
[17:01:27] T4784 _run 进入：path=(bytes/base64)
[17:01:27] T4784 图片尺寸：1861x1080，区域识别=开
[17:01:27] T4784 已存在区域文件，直接复用 2 个区域：['电子客票号', '增值税额']
[17:01:27] T4784 使用 2 个区域：['电子客票号', '增值税额']
[17:01:27] T4784 _run 进入：path=(bytes/base64)
[17:01:27] T4784 图片尺寸：1861x1080，区域识别=开
[17:01:27] T4784 已存在区域文件，直接复用 2 个区域：['电子客票号', '增值税额']
[17:01:27] T4784 使用 2 个区域：['电子客票号', '增值税额']
[17:01:27] T4784 _run 进入：path=(bytes/base64)
[17:01:27] T4784 图片尺寸：1861x1080，区域识别=开
[17:01:27] T4784 已存在区域文件，直接复用 2 个区域：['电子客票号', '增值税额']
[17:01:27] T4784 使用 2 个区域：['电子客票号', '增值税额']
[17:01:27] T4784 _run 进入：path=(bytes/base64)
[17:01:27] T4784 图片尺寸：1861x1080，区域识别=开
[17:01:27] T4784 已存在区域文件，直接复用 2 个区域：['电子客票号', '增值税额']
[17:01:27] T4784 使用 2 个区域：['电子客票号', '增值税额']
[17:01:27] T4784 _run 进入：path=(bytes/base64)
[17:01:27] T4784 图片尺寸：1861x1080，区域识别=开
[17:01:27] T4784 已存在区域文件，直接复用 2 个区域：['电子客票号', '增值税额']
[17:01:27] T4784 使用 2 个区域：['电子客票号', '增值税额']
[17:01:27] T4784 _run 进入：path=(bytes/base64)
[17:01:27] T4784 图片尺寸：1861x1080，区域识别=开
[17:01:27] T4784 已存在区域文件，直接复用 2 个区域：['电子客票号', '增值税额']
[17:01:27] T4784 使用 2 个区域：['电子客票号', '增值税额']
[17:01:28] T4784 _run 进入：path=(bytes/base64)
[17:01:28] T4784 图片尺寸：1861x1080，区域识别=开
[17:01:28] T4784 已存在区域文件，直接复用 2 个区域：['电子客票号', '增值税额']
[17:01:28] T4784 使用 2 个区域：['电子客票号', '增值税额']
[17:01:28] T4784 _run 进入：path=(bytes/base64)
[17:01:28] T4784 图片尺寸：1861x1080，区域识别=开
[17:01:28] T4784 已存在区域文件，直接复用 2 个区域：['电子客票号', '增值税额']
[17:01:28] T4784 使用 2 个区域：['电子客票号', '增值税额']
[17:01:28] T4784 _run 进入：path=(bytes/base64)
[17:01:28] T4784 图片尺寸：1861x1080，区域识别=开
[17:01:28] T4784 已存在区域文件，直接复用 2 个区域：['电子客票号', '增值税额']
[17:01:28] T4784 使用 2 个区域：['电子客票号', '增值税额']
[17:01:28] T4784 _run 进入：path=(bytes/base64)
[17:01:28] T4784 图片尺寸：1861x1080，区域识别=开
[17:01:28] T4784 已存在区域文件，直接复用 2 个区域：['电子客票号', '增值税额']
[17:01:28] T4784 使用 2 个区域：['电子客票号', '增值税额']
[17:01:28] T4784 _run 进入：path=(bytes/base64)
[17:01:28] T4784 图片尺寸：1861x1080，区域识别=开
[17:01:28] T4784 已存在区域文件，直接复用 2 个区域：['电子客票号', '增值税额']
[17:01:28] T4784 使用 2 个区域：['电子客票号', '增值税额']
[17:01:28] T4784 _run 进入：path=(bytes/base64)
[17:01:28] T4784 图片尺寸：1861x1080，区域识别=开
[17:01:28] T4784 已存在区域文件，直接复用 2 个区域：['电子客票号', '增值税额']
[17:01:28] T4784 使用 2 个区域：['电子客票号', '增值税额']
[17:01:28] T4784 _run 进入：path=(bytes/base64)
[17:01:28] T4784 图片尺寸：1861x1080，区域识别=开
[17:01:28] T4784 已存在区域文件，直接复用 2 个区域：['电子客票号', '增值税额']
[17:01:28] T4784 使用 2 个区域：['电子客票号', '增值税额']
[17:01:29] T4784 _run 进入：path=(bytes/base64)
[17:01:29] T4784 图片尺寸：1861x1080，区域识别=开
[17:01:29] T4784 已存在区域文件，直接复用 2 个区域：['电子客票号', '增值税额']
[17:01:29] T4784 使用 2 个区域：['电子客票号', '增值税额']
[17:01:29] T4784 _run 进入：path=(bytes/base64)
[17:01:29] T4784 图片尺寸：1861x1080，区域识别=开
[17:01:29] T4784 已存在区域文件，直接复用 2 个区域：['电子客票号', '增值税额']
[17:01:29] T4784 使用 2 个区域：['电子客票号', '增值税额']
[17:01:29] T4784 _run 进入：path=(bytes/base64)
[17:01:29] T4784 图片尺寸：1861x1080，区域识别=开
[17:01:29] T4784 已存在区域文件，直接复用 2 个区域：['电子客票号', '增值税额']
[17:01:29] T4784 使用 2 个区域：['电子客票号', '增值税额']
[17:01:29] T4784 _run 进入：path=(bytes/base64)
[17:01:29] T4784 图片尺寸：1861x1080，区域识别=开
[17:01:29] T4784 已存在区域文件，直接复用 2 个区域：['电子客票号', '增值税额']
[17:01:29] T4784 使用 2 个区域：['电子客票号', '增值税额']
[17:01:29] T4784 _run 进入：path=(bytes/base64)
[17:01:29] T4784 图片尺寸：1861x1080，区域识别=开
[17:01:29] T4784 已存在区域文件，直接复用 2 个区域：['电子客票号', '增值税额']
[17:01:29] T4784 使用 2 个区域：['电子客票号', '增值税额']
[17:01:29] T4784 _run 进入：path=(bytes/base64)
[17:01:29] T4784 图片尺寸：1861x1080，区域识别=开
[17:01:29] T4784 已存在区域文件，直接复用 2 个区域：['电子客票号', '增值税额']
[17:01:29] T4784 使用 2 个区域：['电子客票号', '增值税额']
[17:01:29] T4784 _run 进入：path=(bytes/base64)
[17:01:29] T4784 图片尺寸：1861x1080，区域识别=开
[17:01:29] T4784 已存在区域文件，直接复用 2 个区域：['电子客票号', '增值税额']
[17:01:29] T4784 使用 2 个区域：['电子客票号', '增值税额']
[17:01:30] T4784 _run 进入：path=(bytes/base64)
[17:01:30] T4784 图片尺寸：1861x1080，区域识别=开
[17:01:30] T4784 已存在区域文件，直接复用 2 个区域：['电子客票号', '增值税额']
[17:01:30] T4784 使用 2 个区域：['电子客票号', '增值税额']
[17:01:30] T4784 _run 进入：path=(bytes/base64)
[17:01:30] T4784 图片尺寸：1861x1080，区域识别=开
[17:01:30] T4784 已存在区域文件，直接复用 2 个区域：['电子客票号', '增值税额']
[17:01:30] T4784 使用 2 个区域：['电子客票号', '增值税额']
[17:01:30] T4784 _run 进入：path=(bytes/base64)
[17:01:30] T4784 图片尺寸：1861x1080，区域识别=开
[17:01:30] T4784 已存在区域文件，直接复用 2 个区域：['电子客票号', '增值税额']
[17:01:30] T4784 使用 2 个区域：['电子客票号', '增值税额']
[17:01:30] T4784 _run 进入：path=(bytes/base64)
[17:01:30] T4784 图片尺寸：1861x1080，区域识别=开
[17:01:30] T4784 已存在区域文件，直接复用 2 个区域：['电子客票号', '增值税额']
[17:01:30] T4784 使用 2 个区域：['电子客票号', '增值税额']
[17:01:30] T4784 _run 进入：path=(bytes/base64)
[17:01:30] T4784 图片尺寸：1861x1080，区域识别=开
[17:01:30] T4784 已存在区域文件，直接复用 2 个区域：['电子客票号', '增值税额']
[17:01:30] T4784 使用 2 个区域：['电子客票号', '增值税额']
[17:01:30] T4784 _run 进入：path=(bytes/base64)
[17:01:30] T4784 图片尺寸：1861x1080，区域识别=开
[17:01:30] T4784 已存在区域文件，直接复用 2 个区域：['电子客票号', '增值税额']
[17:01:30] T4784 使用 2 个区域：['电子客票号', '增值税额']
[17:01:30] T4784 _run 进入：path=(bytes/base64)
[17:01:30] T4784 图片尺寸：1861x1080，区域识别=开
[17:01:30] T4784 已存在区域文件，直接复用 2 个区域：['电子客票号', '增值税额']
[17:01:30] T4784 使用 2 个区域：['电子客票号', '增值税额']
[17:01:30] T4784 _run 进入：path=(bytes/base64)
[17:01:30] T4784 图片尺寸：1861x1080，区域识别=开
[17:01:30] T4784 已存在区域文件，直接复用 2 个区域：['电子客票号', '增值税额']
[17:01:30] T4784 使用 2 个区域：['电子客票号', '增值税额']
[17:01:31] T4784 _run 进入：path=(bytes/base64)
[17:01:31] T4784 图片尺寸：1861x1080，区域识别=开
[17:01:31] T4784 已存在区域文件，直接复用 2 个区域：['电子客票号', '增值税额']
[17:01:31] T4784 使用 2 个区域：['电子客票号', '增值税额']
[17:01:31] T4784 _run 进入：path=(bytes/base64)
[17:01:31] T4784 图片尺寸：1861x1080，区域识别=开
[17:01:31] T4784 已存在区域文件，直接复用 2 个区域：['电子客票号', '增值税额']
[17:01:31] T4784 使用 2 个区域：['电子客票号', '增值税额']
[17:01:31] T4784 _run 进入：path=(bytes/base64)
[17:01:31] T4784 图片尺寸：1861x1080，区域识别=开
[17:01:31] T4784 已存在区域文件，直接复用 2 个区域：['电子客票号', '增值税额']
[17:01:31] T4784 使用 2 个区域：['电子客票号', '增值税额']
[17:01:31] T4784 _run 进入：path=(bytes/base64)
[17:01:31] T4784 图片尺寸：1861x1080，区域识别=开
[17:01:31] T4784 已存在区域文件，直接复用 2 个区域：['电子客票号', '增值税额']
[17:01:31] T4784 使用 2 个区域：['电子客票号', '增值税额']
[17:01:31] T4784 _run 进入：path=(bytes/base64)
[17:01:31] T4784 图片尺寸：1861x1080，区域识别=开
[17:01:31] T4784 已存在区域文件，直接复用 2 个区域：['电子客票号', '增值税额']
[17:01:31] T4784 使用 2 个区域：['电子客票号', '增值税额']
[17:01:31] T4784 _run 进入：path=(bytes/base64)
[17:01:31] T4784 图片尺寸：1861x1080，区域识别=开
[17:01:31] T4784 已存在区域文件，直接复用 2 个区域：['电子客票号', '增值税额']
[17:01:31] T4784 使用 2 个区域：['电子客票号', '增值税额']
[17:01:31] T4784 _run 进入：path=(bytes/base64)
[17:01:31] T4784 图片尺寸：1861x1080，区域识别=开
[17:01:31] T4784 已存在区域文件，直接复用 2 个区域：['电子客票号', '增值税额']
[17:01:31] T4784 使用 2 个区域：['电子客票号', '增值税额']
[17:01:31] T4784 _run 进入：path=(bytes/base64)
[17:01:31] T4784 图片尺寸：1861x1080，区域识别=开
[17:01:31] T4784 已存在区域文件，直接复用 2 个区域：['电子客票号', '增值税额']
[17:01:31] T4784 使用 2 个区域：['电子客票号', '增值税额']
[17:01:32] T4784 _run 进入：path=(bytes/base64)
[17:01:32] T4784 图片尺寸：1861x1080，区域识别=开
[17:01:32] T4784 已存在区域文件，直接复用 2 个区域：['电子客票号', '增值税额']
[17:01:32] T4784 使用 2 个区域：['电子客票号', '增值税额']
[17:01:32] T4784 _run 进入：path=(bytes/base64)
[17:01:32] T4784 图片尺寸：1861x1080，区域识别=开
[17:01:32] T4784 已存在区域文件，直接复用 2 个区域：['电子客票号', '增值税额']
[17:01:32] T4784 使用 2 个区域：['电子客票号', '增值税额']
[17:01:32] T4784 _run 进入：path=(bytes/base64)
[17:01:32] T4784 图片尺寸：1861x1080，区域识别=开
[17:01:32] T4784 已存在区域文件，直接复用 2 个区域：['电子客票号', '增值税额']
[17:01:32] T4784 使用 2 个区域：['电子客票号', '增值税额']
[17:01:32] T4784 _run 进入：path=(bytes/base64)
[17:01:32] T4784 图片尺寸：1861x1080，区域识别=开
[17:01:32] T4784 已存在区域文件，直接复用 2 个区域：['电子客票号', '增值税额']
[17:01:32] T4784 使用 2 个区域：['电子客票号', '增值税额']
[17:01:32] T4784 _run 进入：path=(bytes/base64)
[17:01:32] T4784 图片尺寸：1861x1080，区域识别=开
[17:01:32] T4784 已存在区域文件，直接复用 2 个区域：['电子客票号', '增值税额']
[17:01:32] T4784 使用 2 个区域：['电子客票号', '增值税额']
[17:01:32] T4784 _run 进入：path=(bytes/base64)
[17:01:32] T4784 图片尺寸：1861x1080，区域识别=开
[17:01:32] T4784 已存在区域文件，直接复用 2 个区域：['电子客票号', '增值税额']
[17:01:32] T4784 使用 2 个区域：['电子客票号', '增值税额']
[17:01:32] T4784 _run 进入：path=(bytes/base64)
[17:01:32] T4784 图片尺寸：1861x1080，区域识别=开
[17:01:32] T4784 已存在区域文件，直接复用 2 个区域：['电子客票号', '增值税额']
[17:01:32] T4784 使用 2 个区域：['电子客票号', '增值税额']
[17:01:33] T4784 _run 进入：path=(bytes/base64)
[17:01:33] T4784 图片尺寸：1861x1080，区域识别=开
[17:01:33] T4784 已存在区域文件，直接复用 2 个区域：['电子客票号', '增值税额']
[17:01:33] T4784 使用 2 个区域：['电子客票号', '增值税额']
[17:01:33] T4784 _run 进入：path=(bytes/base64)
[17:01:33] T4784 图片尺寸：1861x1080，区域识别=开
[17:01:33] T4784 已存在区域文件，直接复用 2 个区域：['电子客票号', '增值税额']
[17:01:33] T4784 使用 2 个区域：['电子客票号', '增值税额']
[17:01:33] T4784 _run 进入：path=(bytes/base64)
[17:01:33] T4784 图片尺寸：1861x1080，区域识别=开
[17:01:33] T4784 已存在区域文件，直接复用 2 个区域：['电子客票号', '增值税额']
[17:01:33] T4784 使用 2 个区域：['电子客票号', '增值税额']
[17:01:33] T4784 _run 进入：path=(bytes/base64)
[17:01:33] T4784 图片尺寸：1861x1080，区域识别=开
[17:01:33] T4784 已存在区域文件，直接复用 2 个区域：['电子客票号', '增值税额']
[17:01:33] T4784 使用 2 个区域：['电子客票号', '增值税额']
[17:01:33] T4784 _run 进入：path=(bytes/base64)
[17:01:33] T4784 图片尺寸：1861x1080，区域识别=开
[17:01:33] T4784 已存在区域文件，直接复用 2 个区域：['电子客票号', '增值税额']
[17:01:33] T4784 使用 2 个区域：['电子客票号', '增值税额']
[17:01:33] T4784 _run 进入：path=(bytes/base64)
[17:01:33] T4784 图片尺寸：1861x1080，区域识别=开
[17:01:33] T4784 已存在区域文件，直接复用 2 个区域：['电子客票号', '增值税额']
[17:01:33] T4784 使用 2 个区域：['电子客票号', '增值税额']
[17:01:33] T4784 _run 进入：path=(bytes/base64)
[17:01:33] T4784 图片尺寸：1861x1080，区域识别=开
[17:01:33] T4784 已存在区域文件，直接复用 2 个区域：['电子客票号', '增值税额']
[17:01:33] T4784 使用 2 个区域：['电子客票号', '增值税额']
[17:01:33] T4784 _run 进入：path=(bytes/base64)
[17:01:33] T4784 图片尺寸：1861x1080，区域识别=开
[17:01:33] T4784 已存在区域文件，直接复用 2 个区域：['电子客票号', '增值税额']
[17:01:33] T4784 使用 2 个区域：['电子客票号', '增值税额']
[17:01:34] T4784 _run 进入：path=(bytes/base64)
[17:01:34] T4784 图片尺寸：1861x1080，区域识别=开
[17:01:34] T4784 已存在区域文件，直接复用 2 个区域：['电子客票号', '增值税额']
[17:01:34] T4784 使用 2 个区域：['电子客票号', '增值税额']
